Archive member included because of file (symbol)

C:\vc\emcore\LEML\48pin\release\2--3-2017\9267_4\synergy\ssp\src\framework\el\tx\cm0plus_gcc\libtx.a(tx_isr_end.o)
                              ./synergy/ssp/src/driver/r_sci_common/r_sci_common.o (tx_isr_end)
C:\vc\emcore\LEML\48pin\release\2--3-2017\9267_4\synergy\ssp\src\framework\el\tx\cm0plus_gcc\libtx.a(tx_isr_start.o)
                              ./synergy/ssp/src/driver/r_sci_common/r_sci_common.o (tx_isr_start)
C:\vc\emcore\LEML\48pin\release\2--3-2017\9267_4\synergy\ssp\src\framework\el\tx\cm0plus_gcc\libtx.a(tx_thread_sleep.o)
                              ./src/hal_entry.o (_tx_thread_sleep)
C:\vc\emcore\LEML\48pin\release\2--3-2017\9267_4\synergy\ssp\src\framework\el\tx\cm0plus_gcc\libtx.a(tx_thread_system_suspend.o)
                              C:\vc\emcore\LEML\48pin\release\2--3-2017\9267_4\synergy\ssp\src\framework\el\tx\cm0plus_gcc\libtx.a(tx_thread_sleep.o) (_tx_thread_system_suspend)
C:\vc\emcore\LEML\48pin\release\2--3-2017\9267_4\synergy\ssp\src\framework\el\tx\cm0plus_gcc\libtx.a(tx_timer_initialize.o)
                              C:\vc\emcore\LEML\48pin\release\2--3-2017\9267_4\synergy\ssp\src\framework\el\tx\cm0plus_gcc\libtx.a(tx_thread_system_suspend.o) (_tx_timer_time_slice)
C:\vc\emcore\LEML\48pin\release\2--3-2017\9267_4\synergy\ssp\src\framework\el\tx\cm0plus_gcc\libtx.a(tx_timer_system_activate.o)
                              C:\vc\emcore\LEML\48pin\release\2--3-2017\9267_4\synergy\ssp\src\framework\el\tx\cm0plus_gcc\libtx.a(tx_thread_system_suspend.o) (_tx_timer_system_activate)
C:\vc\emcore\LEML\48pin\release\2--3-2017\9267_4\synergy\ssp\src\framework\el\tx\cm0plus_gcc\libtx.a(tx_thread_initialize.o)
                              C:\vc\emcore\LEML\48pin\release\2--3-2017\9267_4\synergy\ssp\src\framework\el\tx\cm0plus_gcc\libtx.a(tx_thread_sleep.o) (_tx_thread_current_ptr)
c:/program files (x86)/gnu tools arm embedded/4.9 2015q3/bin/../lib/gcc/arm-none-eabi/4.9.3/../../../../arm-none-eabi/lib/armv6-m\libm.a(lib_a-s_round.o)
                              ./src/tc_fc_table.o (round)
c:/program files (x86)/gnu tools arm embedded/4.9 2015q3/bin/../lib/gcc/arm-none-eabi/4.9.3/../../../../arm-none-eabi/lib/armv6-m\libm.a(lib_a-w_log10.o)
                              ./src/rfGain.o (log10)
c:/program files (x86)/gnu tools arm embedded/4.9 2015q3/bin/../lib/gcc/arm-none-eabi/4.9.3/../../../../arm-none-eabi/lib/armv6-m\libm.a(lib_a-e_log10.o)
                              c:/program files (x86)/gnu tools arm embedded/4.9 2015q3/bin/../lib/gcc/arm-none-eabi/4.9.3/../../../../arm-none-eabi/lib/armv6-m\libm.a(lib_a-w_log10.o) (__ieee754_log10)
c:/program files (x86)/gnu tools arm embedded/4.9 2015q3/bin/../lib/gcc/arm-none-eabi/4.9.3/../../../../arm-none-eabi/lib/armv6-m\libm.a(lib_a-s_fpclassify.o)
                              c:/program files (x86)/gnu tools arm embedded/4.9 2015q3/bin/../lib/gcc/arm-none-eabi/4.9.3/../../../../arm-none-eabi/lib/armv6-m\libm.a(lib_a-w_log10.o) (__fpclassifyd)
c:/program files (x86)/gnu tools arm embedded/4.9 2015q3/bin/../lib/gcc/arm-none-eabi/4.9.3/../../../../arm-none-eabi/lib/armv6-m\libm.a(lib_a-s_lib_ver.o)
                              c:/program files (x86)/gnu tools arm embedded/4.9 2015q3/bin/../lib/gcc/arm-none-eabi/4.9.3/../../../../arm-none-eabi/lib/armv6-m\libm.a(lib_a-w_log10.o) (__fdlib_version)
c:/program files (x86)/gnu tools arm embedded/4.9 2015q3/bin/../lib/gcc/arm-none-eabi/4.9.3/../../../../arm-none-eabi/lib/armv6-m\libm.a(lib_a-s_matherr.o)
                              c:/program files (x86)/gnu tools arm embedded/4.9 2015q3/bin/../lib/gcc/arm-none-eabi/4.9.3/../../../../arm-none-eabi/lib/armv6-m\libm.a(lib_a-w_log10.o) (matherr)
c:/program files (x86)/gnu tools arm embedded/4.9 2015q3/bin/../lib/gcc/arm-none-eabi/4.9.3/../../../../arm-none-eabi/lib/armv6-m\libm.a(lib_a-s_nan.o)
                              c:/program files (x86)/gnu tools arm embedded/4.9 2015q3/bin/../lib/gcc/arm-none-eabi/4.9.3/../../../../arm-none-eabi/lib/armv6-m\libm.a(lib_a-w_log10.o) (nan)
c:/program files (x86)/gnu tools arm embedded/4.9 2015q3/bin/../lib/gcc/arm-none-eabi/4.9.3/../../../../arm-none-eabi/lib/armv6-m\libm.a(lib_a-e_log.o)
                              c:/program files (x86)/gnu tools arm embedded/4.9 2015q3/bin/../lib/gcc/arm-none-eabi/4.9.3/../../../../arm-none-eabi/lib/armv6-m\libm.a(lib_a-e_log10.o) (__ieee754_log)
c:/program files (x86)/gnu tools arm embedded/4.9 2015q3/bin/../lib/gcc/arm-none-eabi/4.9.3/armv6-m\libgcc.a(_udivsi3.o)
                              ./synergy/ssp/src/driver/r_sci_uart/r_sci_uart.o (__aeabi_uidiv)
c:/program files (x86)/gnu tools arm embedded/4.9 2015q3/bin/../lib/gcc/arm-none-eabi/4.9.3/armv6-m\libgcc.a(_divsi3.o)
                              ./src/ProcessCmd.o (__aeabi_idiv)
c:/program files (x86)/gnu tools arm embedded/4.9 2015q3/bin/../lib/gcc/arm-none-eabi/4.9.3/armv6-m\libgcc.a(_dvmd_tls.o)
[...]
Memory Configuration

Name             Origin             Length             Attributes
FLASH            0x00000000         0x00020000         xr
RAM              0x20000000         0x00004000         xrw
DATA_FLASH       0x40100000         0x00001000         xr
*default*        0x00000000         0xffffffff

Linker script and memory map

LOAD c:/program files (x86)/gnu tools arm embedded/4.9 2015q3/bin/../lib/gcc/arm-none-eabi/4.9.3/armv6-m/crti.o
LOAD c:/program files (x86)/gnu tools arm embedded/4.9 2015q3/bin/../lib/gcc/arm-none-eabi/4.9.3/armv6-m/crtbegin.o
LOAD c:/program files (x86)/gnu tools arm embedded/4.9 2015q3/bin/../lib/gcc/arm-none-eabi/4.9.3/../../../../arm-none-eabi/lib/armv6-m/rdimon-crt0.o
START GROUP
LOAD ./synergy/ssp/src/driver/r_sci_uart/r_sci_uart.o
LOAD ./synergy/ssp/src/driver/r_sci_spi/r_sci_spi.o
LOAD ./synergy/ssp/src/driver/r_sci_common/r_sci_common.o
LOAD ./synergy/ssp/src/driver/r_ioport/r_ioport.o
LOAD ./synergy/ssp/src/driver/r_gpt/r_gpt.o
LOAD ./synergy/ssp/src/driver/r_flash_lp/hw/target/flash_lp_core/hw_codeflash.o
LOAD ./synergy/ssp/src/driver/r_flash_lp/hw/target/flash_lp_core/hw_codeflash_extra.o
LOAD ./synergy/ssp/src/driver/r_flash_lp/hw/target/flash_lp_core/hw_dataflash.o
LOAD ./synergy/ssp/src/driver/r_flash_lp/hw/target/flash_lp_core/hw_flash_common.o
LOAD ./synergy/ssp/src/driver/r_flash_lp/hw/target/hw_flash_lp.o
LOAD ./synergy/ssp/src/driver/r_flash_lp/r_flash_lp.o
LOAD ./synergy/ssp/src/driver/r_elc/r_elc.o
LOAD ./synergy/ssp/src/driver/r_dtc/r_dtc.o
LOAD ./synergy/ssp/src/driver/r_cgc/hw/target/hw_cgc_target.o
LOAD ./synergy/ssp/src/driver/r_cgc/hw/common/hw_cgc_common.o
LOAD ./synergy/ssp/src/driver/r_cgc/hw/hw_cgc.o
LOAD ./synergy/ssp/src/driver/r_cgc/r_cgc.o
LOAD ./synergy/ssp/src/driver/r_adc/hw/target/s7g2/hw_adc_private_s7g2.o
LOAD ./synergy/ssp/src/driver/r_adc/hw/target/s7g2/r_adc_private_s7g2.o
LOAD ./synergy/ssp/src/driver/r_adc/hw/target/s3a7/hw_adc_private_s3a7.o
LOAD ./synergy/ssp/src/driver/r_adc/hw/target/s3a7/r_adc_private_s3a7.o
LOAD ./synergy/ssp/src/driver/r_adc/hw/target/s124/hw_adc_private_s124.o
LOAD ./synergy/ssp/src/driver/r_adc/hw/target/s124/r_adc_private_124.o
LOAD ./synergy/ssp/src/driver/r_adc/hw/hw_adc_private.o
LOAD ./synergy/ssp/src/driver/r_adc/r_adc.o
LOAD ./synergy/ssp/src/bsp/mcu/s124/bsp_cache.o
LOAD ./synergy/ssp/src/bsp/mcu/s124/bsp_clocks.o
LOAD ./synergy/ssp/src/bsp/mcu/s124/bsp_group_irq.o
LOAD ./synergy/ssp/src/bsp/mcu/s124/bsp_irq.o
LOAD ./synergy/ssp/src/bsp/mcu/s124/bsp_locking.o
LOAD ./synergy/ssp/src/bsp/mcu/s124/bsp_register_protection.o
LOAD ./synergy/ssp/src/bsp/mcu/s124/bsp_rom_registers.o
LOAD ./synergy/ssp/src/bsp/mcu/all/bsp_common.o
LOAD ./synergy/ssp/src/bsp/mcu/all/bsp_common_leds.o
LOAD ./synergy/ssp/src/bsp/mcu/all/bsp_delay.o
LOAD ./synergy/ssp/src/bsp/mcu/all/bsp_sbrk.o
LOAD ./synergy/ssp/src/bsp/cmsis/Device/RENESAS/S7G2/Source/startup_S7G2.o
LOAD ./synergy/ssp/src/bsp/cmsis/Device/RENESAS/S7G2/Source/system_S7G2.o
LOAD ./synergy/ssp/src/bsp/cmsis/Device/RENESAS/S3A7/Source/startup_S3A7.o
LOAD ./synergy/ssp/src/bsp/cmsis/Device/RENESAS/S3A7/Source/system_S3A7.o
LOAD ./synergy/ssp/src/bsp/cmsis/Device/RENESAS/S128/Source/startup_S128.o
LOAD ./synergy/ssp/src/bsp/cmsis/Device/RENESAS/S128/Source/system_S128.o
LOAD ./synergy/ssp/src/bsp/cmsis/Device/RENESAS/S124/Source/startup_S124.o
LOAD ./synergy/ssp/src/bsp/cmsis/Device/RENESAS/S124/Source/system_S124.o
LOAD ./synergy/ssp/src/bsp/board/s124_user/bsp_init.o
LOAD ./src/synergy_gen/common_data.o
LOAD ./src/synergy_gen/hal_data.o
LOAD ./src/synergy_gen/main.o
LOAD ./src/synergy_gen/pin_data.o
LOAD ./src/PROTOCOL.o
LOAD ./src/ProcessCmd.o
LOAD ./src/UART.o
LOAD ./src/adc.o
LOAD ./src/alarm.o
LOAD ./src/dac.o
LOAD ./src/flashHandle.o
LOAD ./src/hal_entry.o
LOAD ./src/rfGain.o
LOAD ./src/sbs_cmds.o
LOAD ./src/tc_fc_table.o
LOAD ./src/timer.o
LOAD C:\vc\emcore\LEML\48pin\release\2--3-2017\9267_4\synergy\ssp\src\bsp\cmsis\DSP_Lib\cm0plus_gcc\libDSP_Lib.a
LOAD C:\vc\emcore\LEML\48pin\release\2--3-2017\9267_4\synergy\ssp\src\framework\el\tx\cm0plus_gcc\libtx.a
END GROUP
LOAD c:/program files (x86)/gnu tools arm embedded/4.9 2015q3/bin/../lib/gcc/arm-none-eabi/4.9.3/../../../../arm-none-eabi/lib/armv6-m\libstdc++.a
LOAD c:/program files (x86)/gnu tools arm embedded/4.9 2015q3/bin/../lib/gcc/arm-none-eabi/4.9.3/../../../../arm-none-eabi/lib/armv6-m\libm.a
START GROUP
LOAD c:/program files (x86)/gnu tools arm embedded/4.9 2015q3/bin/../lib/gcc/arm-none-eabi/4.9.3/armv6-m\libgcc.a
LOAD c:/program files (x86)/gnu tools arm embedded/4.9 2015q3/bin/../lib/gcc/arm-none-eabi/4.9.3/../../../../arm-none-eabi/lib/armv6-m\libg.a
LOAD c:/program files (x86)/gnu tools arm embedded/4.9 2015q3/bin/../lib/gcc/arm-none-eabi/4.9.3/../../../../arm-none-eabi/lib/armv6-m\libc.a
END GROUP
START GROUP
LOAD c:/program files (x86)/gnu tools arm embedded/4.9 2015q3/bin/../lib/gcc/arm-none-eabi/4.9.3/armv6-m\libgcc.a
LOAD c:/program files (x86)/gnu tools arm embedded/4.9 2015q3/bin/../lib/gcc/arm-none-eabi/4.9.3/../../../../arm-none-eabi/lib/armv6-m\libc.a
LOAD c:/program files (x86)/gnu tools arm embedded/4.9 2015q3/bin/../lib/gcc/arm-none-eabi/4.9.3/../../../../arm-none-eabi/lib/armv6-m\librdimon.a
END GROUP
LOAD c:/program files (x86)/gnu tools arm embedded/4.9 2015q3/bin/../lib/gcc/arm-none-eabi/4.9.3/armv6-m/crtend.o
LOAD c:/program files (x86)/gnu tools arm embedded/4.9 2015q3/bin/../lib/gcc/arm-none-eabi/4.9.3/armv6-m/crtn.o
START GROUP
LOAD c:/program files (x86)/gnu tools arm embedded/4.9 2015q3/bin/../lib/gcc/arm-none-eabi/4.9.3/armv6-m\libgcc.a
LOAD c:/program files (x86)/gnu tools arm embedded/4.9 2015q3/bin/../lib/gcc/arm-none-eabi/4.9.3/../../../../arm-none-eabi/lib/armv6-m\libc.a
LOAD c:/program files (x86)/gnu tools arm embedded/4.9 2015q3/bin/../lib/gcc/arm-none-eabi/4.9.3/../../../../arm-none-eabi/lib/armv6-m\libm.a
LOAD c:/program files (x86)/gnu tools arm embedded/4.9 2015q3/bin/../lib/gcc/arm-none-eabi/4.9.3/../../../../arm-none-eabi/lib/armv6-m\libnosys.a
END GROUP

.text           0x00000000     0xd4a4
                0x00000000                __ROM_Start = .
 *(.vectors)
 .vectors       0x00000000       0xc0 ./synergy/ssp/src/bsp/cmsis/Device/RENESAS/S124/Source/startup_S124.o
                0x00000000                __Vectors
                0x000000c0                __Vectors_End = .
                0x000000c0                __Vectors_Size = (__Vectors_End - __Vectors)
                0x000000c0                __end__ = .
                0x00000400                . = (__ROM_Start + 0x400)
 *fill*         0x000000c0      0x340 ff
 *(.rom_registers*)
 .rom_registers
                0x00000400        0x8 ./synergy/ssp/src/bsp/mcu/s124/bsp_rom_registers.o
                0x00000500                . = (__ROM_Start + 0x500)
 *fill*         0x00000408       0xf8 ff
 *(.text*)
 .text          0x00000500       0x60 c:/program files (x86)/gnu tools arm embedded/4.9 2015q3/bin/../lib/gcc/arm-none-eabi/4.9.3/armv6-m/crtbegin.o
 .text.NVIC_EnableIRQ
                0x00000560       0x14 ./synergy/ssp/src/driver/r_sci_uart/r_sci_uart.o
 .text.NVIC_DisableIRQ
                0x00000574       0x18 ./synergy/ssp/src/driver/r_sci_uart/r_sci_uart.o
 .text.R_SCI_UartInfoGet
                0x0000058c       0x70 ./synergy/ssp/src/driver/r_sci_uart/r_sci_uart.o
                0x0000058c                R_SCI_UartInfoGet
 .text.R_SCI_UartVersionGet
                0x000005fc       0x10 ./synergy/ssp/src/driver/r_sci_uart/r_sci_uart.o
                0x000005fc                R_SCI_UartVersionGet
 .text.R_SCI_UartClose
                0x0000060c       0x58 ./synergy/ssp/src/driver/r_sci_uart/r_sci_uart.o
                0x0000060c                R_SCI_UartClose
 .text.r_sci_read_write_param_check
                0x00000664       0x60 ./synergy/ssp/src/driver/r_sci_uart/r_sci_uart.o
 .text.R_SCI_UartRead
                0x000006c4       0x90 ./synergy/ssp/src/driver/r_sci_uart/r_sci_uart.o
                0x000006c4                R_SCI_UartRead
 .text.r_sci_uart_baud_set
                0x00000754      0x16c ./synergy/ssp/src/driver/r_sci_uart/r_sci_uart.o
 .text.R_SCI_UartWrite
                0x000008c0      0x140 ./synergy/ssp/src/driver/r_sci_uart/r_sci_uart.o
                0x000008c0                R_SCI_UartWrite
 .text.R_SCI_UartBaudSet
                0x00000a00      0x174 ./synergy/ssp/src/driver/r_sci_uart/r_sci_uart.o
                0x00000a00                R_SCI_UartBaudSet
 .text.R_SCI_UartOpen
                0x00000b74      0x77c ./synergy/ssp/src/driver/r_sci_uart/r_sci_uart.o
                0x00000b74                R_SCI_UartOpen
 .text.r_sci_uart_txi_common
                0x000012f0      0x208 ./synergy/ssp/src/driver/r_sci_uart/r_sci_uart.o
                0x000012f0                r_sci_uart_txi_common
 .text.r_sci_uart_rxi_common
                0x000014f8       0xec ./synergy/ssp/src/driver/r_sci_uart/r_sci_uart.o
                0x000014f8                r_sci_uart_rxi_common
 .text.r_sci_uart_tei
                0x000015e4       0x74 ./synergy/ssp/src/driver/r_sci_uart/r_sci_uart.o
                0x000015e4                r_sci_uart_tei
 .text.r_sci_uart_eri_common
                0x00001658       0x78 ./synergy/ssp/src/driver/r_sci_uart/r_sci_uart.o
                0x00001658                r_sci_uart_eri_common
 .text.NVIC_EnableIRQ
                0x000016d0       0x14 ./synergy/ssp/src/driver/r_sci_spi/r_sci_spi.o
 .text.NVIC_DisableIRQ
                0x000016e4       0x18 ./synergy/ssp/src/driver/r_sci_spi/r_sci_spi.o
 .text.R_SCI_SPI_VersionGet
                0x000016fc       0x14 ./synergy/ssp/src/driver/r_sci_spi/r_sci_spi.o
                0x000016fc                R_SCI_SPI_VersionGet
 .text.R_SCI_SPI_Open
                0x00001710      0x3f8 ./synergy/ssp/src/driver/r_sci_spi/r_sci_spi.o
                0x00001710                R_SCI_SPI_Open
 .text.R_SCI_SPI_Close
                0x00001b08      0x148 ./synergy/ssp/src/driver/r_sci_spi/r_sci_spi.o
                0x00001b08                R_SCI_SPI_Close
 .text.r_sci_spi_write_read_common
                0x00001c50      0x304 ./synergy/ssp/src/driver/r_sci_spi/r_sci_spi.o
 .text.R_SCI_SPI_Read
                0x00001f54       0x38 ./synergy/ssp/src/driver/r_sci_spi/r_sci_spi.o
                0x00001f54                R_SCI_SPI_Read
 .text.R_SCI_SPI_Write
                0x00001f8c       0x34 ./synergy/ssp/src/driver/r_sci_spi/r_sci_spi.o
                0x00001f8c                R_SCI_SPI_Write
 .text.R_SCI_SPI_WriteRead
                0x00001fc0       0x34 ./synergy/ssp/src/driver/r_sci_spi/r_sci_spi.o
                0x00001fc0                R_SCI_SPI_WriteRead
 .text.r_sci_spi_tx_rx_common
                0x00001ff4      0x6c4 ./synergy/ssp/src/driver/r_sci_spi/r_sci_spi.o
                0x00001ff4                r_sci_spi_tx_rx_common
 .text.r_sci_spi_spei_isr_common
                0x000026b8       0x88 ./synergy/ssp/src/driver/r_sci_spi/r_sci_spi.o
                0x000026b8                r_sci_spi_spei_isr_common
 .text.NVIC_DisableIRQ
                0x00002740       0x18 ./synergy/ssp/src/driver/r_sci_common/r_sci_common.o
 .text.txi_handler
                0x00002758       0x24 ./synergy/ssp/src/driver/r_sci_common/r_sci_common.o
 .text.eri_handler
                0x0000277c       0x38 ./synergy/ssp/src/driver/r_sci_common/r_sci_common.o
 .text.tei_handler
                0x000027b4       0x24 ./synergy/ssp/src/driver/r_sci_common/r_sci_common.o
 .text.rxi_handler
                0x000027d8       0x40 ./synergy/ssp/src/driver/r_sci_common/r_sci_common.o
 .text.r_sci_hardware_lock
                0x00002818       0x24 ./synergy/ssp/src/driver/r_sci_common/r_sci_common.o
                0x00002818                r_sci_hardware_lock
 .text.r_sci_hardware_unlock
                0x0000283c       0x18 ./synergy/ssp/src/driver/r_sci_common/r_sci_common.o
                0x0000283c                r_sci_hardware_unlock
 .text.r_sci_close_common
                0x00002854      0x11c ./synergy/ssp/src/driver/r_sci_common/r_sci_common.o
                0x00002854                r_sci_close_common
 .text.r_sci_channel_param_check
                0x00002970       0x14 ./synergy/ssp/src/driver/r_sci_common/r_sci_common.o
                0x00002970                r_sci_channel_param_check
 .text.sci0_txi_isr
                0x00002984       0x30 ./synergy/ssp/src/driver/r_sci_common/r_sci_common.o
                0x00002984                sci0_txi_isr
 .text.sci9_txi_isr
                0x000029b4       0x30 ./synergy/ssp/src/driver/r_sci_common/r_sci_common.o
                0x000029b4                sci9_txi_isr
 .text.sci0_rxi_isr
                0x000029e4       0x30 ./synergy/ssp/src/driver/r_sci_common/r_sci_common.o
                0x000029e4                sci0_rxi_isr
 .text.sci9_rxi_isr
                0x00002a14       0x30 ./synergy/ssp/src/driver/r_sci_common/r_sci_common.o
                0x00002a14                sci9_rxi_isr
 .text.sci0_eri_isr
                0x00002a44       0x30 ./synergy/ssp/src/driver/r_sci_common/r_sci_common.o
                0x00002a44                sci0_eri_isr
 .text.sci9_eri_isr
                0x00002a74       0x30 ./synergy/ssp/src/driver/r_sci_common/r_sci_common.o
                0x00002a74                sci9_eri_isr
 .text.sci0_tei_isr
                0x00002aa4       0x30 ./synergy/ssp/src/driver/r_sci_common/r_sci_common.o
                0x00002aa4                sci0_tei_isr
 .text.sci9_tei_isr
                0x00002ad4       0x30 ./synergy/ssp/src/driver/r_sci_common/r_sci_common.o
                0x00002ad4                sci9_tei_isr
 .text.sci_irq_status_clear
                0x00002b04       0x34 ./synergy/ssp/src/driver/r_sci_common/r_sci_common.o
                0x00002b04                sci_irq_status_clear
 .text.R_IOPORT_VersionGet
                0x00002b38       0x10 ./synergy/ssp/src/driver/r_ioport/r_ioport.o
                0x00002b38                R_IOPORT_VersionGet
 .text.R_IOPORT_EthernetModeCfg
                0x00002b48        0x4 ./synergy/ssp/src/driver/r_ioport/r_ioport.o
                0x00002b48                R_IOPORT_EthernetModeCfg
 .text.R_IOPORT_PinRead
                0x00002b4c       0x3c ./synergy/ssp/src/driver/r_ioport/r_ioport.o
                0x00002b4c                R_IOPORT_PinRead
 .text.R_IOPORT_PortRead
                0x00002b88       0x2c ./synergy/ssp/src/driver/r_ioport/r_ioport.o
                0x00002b88                R_IOPORT_PortRead
 .text.R_IOPORT_PortWrite
                0x00002bb4       0x34 ./synergy/ssp/src/driver/r_ioport/r_ioport.o
                0x00002bb4                R_IOPORT_PortWrite
 .text.R_IOPORT_PinWrite
                0x00002be8       0x7c ./synergy/ssp/src/driver/r_ioport/r_ioport.o
                0x00002be8                R_IOPORT_PinWrite
 .text.R_IOPORT_PortDirectionSet
                0x00002c64       0x40 ./synergy/ssp/src/driver/r_ioport/r_ioport.o
                0x00002c64                R_IOPORT_PortDirectionSet
 .text.R_IOPORT_PortEventInputRead
                0x00002ca4       0x30 ./synergy/ssp/src/driver/r_ioport/r_ioport.o
                0x00002ca4                R_IOPORT_PortEventInputRead
 .text.R_IOPORT_PinEventInputRead
                0x00002cd4       0x4c ./synergy/ssp/src/driver/r_ioport/r_ioport.o
                0x00002cd4                R_IOPORT_PinEventInputRead
 .text.R_IOPORT_PortEventOutputWrite
                0x00002d20       0x34 ./synergy/ssp/src/driver/r_ioport/r_ioport.o
                0x00002d20                R_IOPORT_PortEventOutputWrite
 .text.R_IOPORT_PinEventOutputWrite
                0x00002d54       0x4c ./synergy/ssp/src/driver/r_ioport/r_ioport.o
                0x00002d54                R_IOPORT_PinEventOutputWrite
 .text.R_IOPORT_Init
                0x00002da0       0x98 ./synergy/ssp/src/driver/r_ioport/r_ioport.o
                0x00002da0                R_IOPORT_Init
 .text.R_IOPORT_PinCfg
                0x00002e38       0x58 ./synergy/ssp/src/driver/r_ioport/r_ioport.o
                0x00002e38                R_IOPORT_PinCfg
 .text.R_IOPORT_PinDirectionSet
                0x00002e90       0x7c ./synergy/ssp/src/driver/r_ioport/r_ioport.o
                0x00002e90                R_IOPORT_PinDirectionSet
 .text.R_GPT_Stop
                0x00002f0c       0x34 ./synergy/ssp/src/driver/r_gpt/r_gpt.o
                0x00002f0c                R_GPT_Stop
 .text.R_GPT_Start
                0x00002f40       0x34 ./synergy/ssp/src/driver/r_gpt/r_gpt.o
                0x00002f40                R_GPT_Start
 .text.R_GPT_CounterGet
                0x00002f74       0x38 ./synergy/ssp/src/driver/r_gpt/r_gpt.o
                0x00002f74                R_GPT_CounterGet
 .text.R_GPT_VersionGet
                0x00002fac       0x1c ./synergy/ssp/src/driver/r_gpt/r_gpt.o
                0x00002fac                R_GPT_VersionGet
 .text.period_to_pclk
                0x00002fc8      0x120 ./synergy/ssp/src/driver/r_gpt/r_gpt.o
 .text.R_GPT_PeriodSet
                0x000030e8       0x84 ./synergy/ssp/src/driver/r_gpt/r_gpt.o
                0x000030e8                R_GPT_PeriodSet
 .text.R_GPT_InfoGet
                0x0000316c       0xa8 ./synergy/ssp/src/driver/r_gpt/r_gpt.o
                0x0000316c                R_GPT_InfoGet
 .text.duty_cycle_to_pclk
                0x00003214       0x90 ./synergy/ssp/src/driver/r_gpt/r_gpt.o
 .text.R_GPT_Reset
                0x000032a4       0x58 ./synergy/ssp/src/driver/r_gpt/r_gpt.o
                0x000032a4                R_GPT_Reset
 .text.gpt_set_duty_cycle
                0x000032fc       0xac ./synergy/ssp/src/driver/r_gpt/r_gpt.o
 .text.R_GPT_DutyCycleSet
                0x000033a8       0x4c ./synergy/ssp/src/driver/r_gpt/r_gpt.o
                0x000033a8                R_GPT_DutyCycleSet
 .text.R_GPT_Close
                0x000033f4       0xb8 ./synergy/ssp/src/driver/r_gpt/r_gpt.o
                0x000033f4                R_GPT_Close
 .text.R_GPT_TimerOpen
                0x000034ac      0x3bc ./synergy/ssp/src/driver/r_gpt/r_gpt.o
                0x000034ac                R_GPT_TimerOpen
 .text.gpt0_counter_overflow_isr
                0x00003868       0x70 ./synergy/ssp/src/driver/r_gpt/r_gpt.o
                0x00003868                gpt0_counter_overflow_isr
 .text.HW_FLASH_LP_codeflash_enter_read_mode
                0x000038d8       0xbc ./synergy/ssp/src/driver/r_flash_lp/hw/target/flash_lp_core/hw_codeflash.o
                0x000038d8                HW_FLASH_LP_codeflash_enter_read_mode
 .text.HW_FLASH_LP_codeflash_blank_check
                0x00003994       0x38 ./synergy/ssp/src/driver/r_flash_lp/hw/target/flash_lp_core/hw_codeflash.o
                0x00003994                HW_FLASH_LP_codeflash_blank_check
 .text.HW_FLASH_LP_codeflash_blank_check_monitor
                0x000039cc       0x58 ./synergy/ssp/src/driver/r_flash_lp/hw/target/flash_lp_core/hw_codeflash.o
                0x000039cc                HW_FLASH_LP_codeflash_blank_check_monitor
 .text.HW_FLASH_LP_code_flash_set_flash_settings
                0x00003a24        0xc ./synergy/ssp/src/driver/r_flash_lp/hw/target/flash_lp_core/hw_codeflash.o
                0x00003a24                HW_FLASH_LP_code_flash_set_flash_settings
 .text.HW_FLASH_LP_set_startup_area_temporary
                0x00003a30       0x34 ./synergy/ssp/src/driver/r_flash_lp/hw/target/flash_lp_core/hw_codeflash_extra.o
                0x00003a30                HW_FLASH_LP_set_startup_area_temporary
 .text.HW_FLASH_LP_extra_check
                0x00003a64       0x78 ./synergy/ssp/src/driver/r_flash_lp/hw/target/flash_lp_core/hw_codeflash_extra.o
                0x00003a64                HW_FLASH_LP_extra_check
 .text.HW_FLASH_LP_access_window_set
                0x00003adc       0x44 ./synergy/ssp/src/driver/r_flash_lp/hw/target/flash_lp_core/hw_codeflash_extra.o
                0x00003adc                HW_FLASH_LP_access_window_set
 .text.HW_FLASH_LP_access_window_clear
                0x00003b20       0x40 ./synergy/ssp/src/driver/r_flash_lp/hw/target/flash_lp_core/hw_codeflash_extra.o
                0x00003b20                HW_FLASH_LP_access_window_clear
 .text.HW_FLASH_LP_set_startup_area_boot
                0x00003b60       0x48 ./synergy/ssp/src/driver/r_flash_lp/hw/target/flash_lp_core/hw_codeflash_extra.o
                0x00003b60                HW_FLASH_LP_set_startup_area_boot
 .text.HW_FLASH_LP_dataflash_enable
                0x00003ba8       0x28 ./synergy/ssp/src/driver/r_flash_lp/hw/target/flash_lp_core/hw_dataflash.o
                0x00003ba8                HW_FLASH_LP_dataflash_enable
 .text.HW_FLASH_LP_dataflash_enter_pe_mode
                0x00003bd0       0x9c ./synergy/ssp/src/driver/r_flash_lp/hw/target/flash_lp_core/hw_dataflash.o
                0x00003bd0                HW_FLASH_LP_dataflash_enter_pe_mode
 .text.HW_FLASH_LP_dataflash_enter_read_mode
                0x00003c6c       0x74 ./synergy/ssp/src/driver/r_flash_lp/hw/target/flash_lp_core/hw_dataflash.o
                0x00003c6c                HW_FLASH_LP_dataflash_enter_read_mode
 .text.HW_FLASH_LP_dataflash_write
                0x00003ce0       0x4c ./synergy/ssp/src/driver/r_flash_lp/hw/target/flash_lp_core/hw_dataflash.o
                0x00003ce0                HW_FLASH_LP_dataflash_write
 .text.HW_FLASH_LP_dataflash_write_monitor
                0x00003d2c       0xb4 ./synergy/ssp/src/driver/r_flash_lp/hw/target/flash_lp_core/hw_dataflash.o
                0x00003d2c                HW_FLASH_LP_dataflash_write_monitor
 .text.HW_FLASH_LP_dataflash_erase
                0x00003de0       0x60 ./synergy/ssp/src/driver/r_flash_lp/hw/target/flash_lp_core/hw_dataflash.o
                0x00003de0                HW_FLASH_LP_dataflash_erase
 .text.HW_FLASH_LP_dataflash_erase_monitor
                0x00003e40       0xc0 ./synergy/ssp/src/driver/r_flash_lp/hw/target/flash_lp_core/hw_dataflash.o
                0x00003e40                HW_FLASH_LP_dataflash_erase_monitor
 .text.HW_FLASH_LP_dataflash_blank_check
                0x00003f00       0x44 ./synergy/ssp/src/driver/r_flash_lp/hw/target/flash_lp_core/hw_dataflash.o
                0x00003f00                HW_FLASH_LP_dataflash_blank_check
 .text.HW_FLASH_LP_dataflash_blank_check_monitor
                0x00003f44       0x6c ./synergy/ssp/src/driver/r_flash_lp/hw/target/flash_lp_core/hw_dataflash.o
                0x00003f44                HW_FLASH_LP_dataflash_blank_check_monitor
 .text.HW_FLASH_LP_data_flash_set_flash_settings
                0x00003fb0        0xc ./synergy/ssp/src/driver/r_flash_lp/hw/target/flash_lp_core/hw_dataflash.o
                0x00003fb0                HW_FLASH_LP_data_flash_set_flash_settings
 .text.HW_FLASH_LP_delay_loop
                0x00003fbc        0x8 ./synergy/ssp/src/driver/r_flash_lp/hw/target/flash_lp_core/hw_flash_common.o
 .text.HW_FLASH_LP_delay_us
                0x00003fc4       0x10 ./synergy/ssp/src/driver/r_flash_lp/hw/target/flash_lp_core/hw_flash_common.o
                0x00003fc4                HW_FLASH_LP_delay_us
 .text.HW_FLASH_LP_irq_cfg
                0x00003fd4       0x44 ./synergy/ssp/src/driver/r_flash_lp/hw/target/hw_flash_lp.o
                0x00003fd4                HW_FLASH_LP_irq_cfg
 .text.HW_FLASH_LP_init
                0x00004018       0xdc ./synergy/ssp/src/driver/r_flash_lp/hw/target/hw_flash_lp.o
                0x00004018                HW_FLASH_LP_init
 .text.HW_FLASH_LP_erase
                0x000040f4       0x3c ./synergy/ssp/src/driver/r_flash_lp/hw/target/hw_flash_lp.o
                0x000040f4                HW_FLASH_LP_erase
 .text.HW_FLASH_LP_write
                0x00004130       0x4c ./synergy/ssp/src/driver/r_flash_lp/hw/target/hw_flash_lp.o
                0x00004130                HW_FLASH_LP_write
 .text.HW_FLASH_LP_blankcheck
                0x0000417c       0xe8 ./synergy/ssp/src/driver/r_flash_lp/hw/target/hw_flash_lp.o
                0x0000417c                HW_FLASH_LP_blankcheck
 .text.HW_FLASH_LP_pe_mode_enter
                0x00004264       0x2c ./synergy/ssp/src/driver/r_flash_lp/hw/target/hw_flash_lp.o
                0x00004264                HW_FLASH_LP_pe_mode_enter
 .text.HW_FLASH_LP_pe_mode_exit
                0x00004290       0x20 ./synergy/ssp/src/driver/r_flash_lp/hw/target/hw_flash_lp.o
                0x00004290                HW_FLASH_LP_pe_mode_exit
 .text.HW_FLASH_LP_reset
                0x000042b0       0x30 ./synergy/ssp/src/driver/r_flash_lp/hw/target/hw_flash_lp.o
                0x000042b0                HW_FLASH_LP_reset
 .text.fcu_frdyi_isr
                0x000042e0       0xe4 ./synergy/ssp/src/driver/r_flash_lp/hw/target/hw_flash_lp.o
                0x000042e0                fcu_frdyi_isr
 .text.R_FLASH_LP_Read
                0x000043c4       0x44 ./synergy/ssp/src/driver/r_flash_lp/r_flash_lp.o
                0x000043c4                R_FLASH_LP_Read
 .text.R_FLASH_LP_VersionGet
                0x00004408       0x1c ./synergy/ssp/src/driver/r_flash_lp/r_flash_lp.o
                0x00004408                R_FLASH_LP_VersionGet
 .text.setup_for_pe_mode
                0x00004424       0x40 ./synergy/ssp/src/driver/r_flash_lp/r_flash_lp.o
 .text.R_FLASH_LP_Close
                0x00004464       0x3c ./synergy/ssp/src/driver/r_flash_lp/r_flash_lp.o
                0x00004464                R_FLASH_LP_Close
 .text.R_FLASH_LP_StatusGet.part.0
                0x000044a0       0x14 ./synergy/ssp/src/driver/r_flash_lp/r_flash_lp.o
 .text.R_FLASH_LP_StatusGet
                0x000044b4       0x20 ./synergy/ssp/src/driver/r_flash_lp/r_flash_lp.o
                0x000044b4                R_FLASH_LP_StatusGet
 .text.flash_setup
                0x000044d4       0x58 ./synergy/ssp/src/driver/r_flash_lp/r_flash_lp.o
 .text.R_FLASH_LP_Open
                0x0000452c       0xa4 ./synergy/ssp/src/driver/r_flash_lp/r_flash_lp.o
                0x0000452c                R_FLASH_LP_Open
 .text.R_FLASH_LP_AccessWindowSet
                0x000045d0       0x7c ./synergy/ssp/src/driver/r_flash_lp/r_flash_lp.o
                0x000045d0                R_FLASH_LP_AccessWindowSet
 .text.R_FLASH_LP_AccessWindowClear
                0x0000464c       0x64 ./synergy/ssp/src/driver/r_flash_lp/r_flash_lp.o
                0x0000464c                R_FLASH_LP_AccessWindowClear
 .text.R_FLASH_LP_Reset
                0x000046b0       0x38 ./synergy/ssp/src/driver/r_flash_lp/r_flash_lp.o
                0x000046b0                R_FLASH_LP_Reset
 .text.R_FLASH_LP_StartUpAreaSelect
                0x000046e8       0x8c ./synergy/ssp/src/driver/r_flash_lp/r_flash_lp.o
                0x000046e8                R_FLASH_LP_StartUpAreaSelect
 .text.R_FLASH_LP_UpdateFlashClockFreq
                0x00004774       0x58 ./synergy/ssp/src/driver/r_flash_lp/r_flash_lp.o
                0x00004774                R_FLASH_LP_UpdateFlashClockFreq
 .text.flash_ReleaseState
                0x000047cc       0x18 ./synergy/ssp/src/driver/r_flash_lp/r_flash_lp.o
                0x000047cc                flash_ReleaseState
 .text.flash_get_block_info
                0x000047e4       0xa0 ./synergy/ssp/src/driver/r_flash_lp/r_flash_lp.o
                0x000047e4                flash_get_block_info
 .text.R_FLASH_LP_Write
                0x00004884      0x12c ./synergy/ssp/src/driver/r_flash_lp/r_flash_lp.o
                0x00004884                R_FLASH_LP_Write
 .text.R_FLASH_LP_Erase
                0x000049b0       0xf0 ./synergy/ssp/src/driver/r_flash_lp/r_flash_lp.o
                0x000049b0                R_FLASH_LP_Erase
 .text.R_FLASH_LP_BlankCheck
                0x00004aa0      0x138 ./synergy/ssp/src/driver/r_flash_lp/r_flash_lp.o
                0x00004aa0                R_FLASH_LP_BlankCheck
 .text.R_ELC_LinkSet
                0x00004bd8       0x14 ./synergy/ssp/src/driver/r_elc/r_elc.o
                0x00004bd8                R_ELC_LinkSet
 .text.R_ELC_LinkBreak
                0x00004bec       0x14 ./synergy/ssp/src/driver/r_elc/r_elc.o
                0x00004bec                R_ELC_LinkBreak
 .text.R_ELC_Enable
                0x00004c00       0x14 ./synergy/ssp/src/driver/r_elc/r_elc.o
                0x00004c00                R_ELC_Enable
 .text.R_ELC_Disable
                0x00004c14       0x14 ./synergy/ssp/src/driver/r_elc/r_elc.o
                0x00004c14                R_ELC_Disable
 .text.R_ELC_VersionGet
                0x00004c28       0x1c ./synergy/ssp/src/driver/r_elc/r_elc.o
                0x00004c28                R_ELC_VersionGet
 .text.R_ELC_SoftwareEventGenerate
                0x00004c44       0x34 ./synergy/ssp/src/driver/r_elc/r_elc.o
                0x00004c44                R_ELC_SoftwareEventGenerate
 .text.R_ELC_Init
                0x00004c78       0x5c ./synergy/ssp/src/driver/r_elc/r_elc.o
                0x00004c78                R_ELC_Init
 .text.R_DTC_Start
                0x00004cd4        0x4 ./synergy/ssp/src/driver/r_dtc/r_dtc.o
                0x00004cd4                R_DTC_Start
 .text.R_DTC_Stop
                0x00004cd8        0x4 ./synergy/ssp/src/driver/r_dtc/r_dtc.o
                0x00004cd8                R_DTC_Stop
 .text.R_DTC_Enable
                0x00004cdc       0x6c ./synergy/ssp/src/driver/r_dtc/r_dtc.o
                0x00004cdc                R_DTC_Enable
 .text.R_DTC_Disable
                0x00004d48       0x38 ./synergy/ssp/src/driver/r_dtc/r_dtc.o
                0x00004d48                R_DTC_Disable
 .text.R_DTC_InfoGet
                0x00004d80       0x80 ./synergy/ssp/src/driver/r_dtc/r_dtc.o
                0x00004d80                R_DTC_InfoGet
 .text.R_DTC_VersionGet
                0x00004e00       0x1c ./synergy/ssp/src/driver/r_dtc/r_dtc.o
                0x00004e00                R_DTC_VersionGet
 .text.R_DTC_Reset
                0x00004e1c       0xc4 ./synergy/ssp/src/driver/r_dtc/r_dtc.o
                0x00004e1c                R_DTC_Reset
 .text.R_DTC_Close
                0x00004ee0       0x4c ./synergy/ssp/src/driver/r_dtc/r_dtc.o
                0x00004ee0                R_DTC_Close
 .text.R_DTC_Open
                0x00004f2c      0x17c ./synergy/ssp/src/driver/r_dtc/r_dtc.o
                0x00004f2c                R_DTC_Open
 .text.HW_CGC_Init
                0x000050a8       0x2c ./synergy/ssp/src/driver/r_cgc/hw/hw_cgc.o
                0x000050a8                HW_CGC_Init
 .text.HW_CGC_InitPLLFreq
                0x000050d4        0x4 ./synergy/ssp/src/driver/r_cgc/hw/hw_cgc.o
                0x000050d4                HW_CGC_InitPLLFreq
 .text.HW_CGC_MainClockDriveSet
                0x000050d8       0x44 ./synergy/ssp/src/driver/r_cgc/hw/hw_cgc.o
                0x000050d8                HW_CGC_MainClockDriveSet
 .text.HW_CGC_SubClockDriveSet
                0x0000511c       0x40 ./synergy/ssp/src/driver/r_cgc/hw/hw_cgc.o
                0x0000511c                HW_CGC_SubClockDriveSet
 .text.HW_CGC_ClockStart
                0x0000515c       0x84 ./synergy/ssp/src/driver/r_cgc/hw/hw_cgc.o
                0x0000515c                HW_CGC_ClockStart
 .text.HW_CGC_ClockStop
                0x000051e0       0x84 ./synergy/ssp/src/driver/r_cgc/hw/hw_cgc.o
                0x000051e0                HW_CGC_ClockStop
 .text.HW_CGC_ClockCheck
                0x00005264       0x38 ./synergy/ssp/src/driver/r_cgc/hw/hw_cgc.o
                0x00005264                HW_CGC_ClockCheck
 .text.HW_CGC_ClockRunStateGet
                0x0000529c       0x40 ./synergy/ssp/src/driver/r_cgc/hw/hw_cgc.o
                0x0000529c                HW_CGC_ClockRunStateGet
 .text.HW_CGC_DelayCycles
                0x000052dc       0x10 ./synergy/ssp/src/driver/r_cgc/hw/hw_cgc.o
                0x000052dc                HW_CGC_DelayCycles
 .text.HW_CGC_MainOscSourceSet
                0x000052ec       0x44 ./synergy/ssp/src/driver/r_cgc/hw/hw_cgc.o
                0x000052ec                HW_CGC_MainOscSourceSet
 .text.HW_CGC_ClockWaitSet
                0x00005330       0x3c ./synergy/ssp/src/driver/r_cgc/hw/hw_cgc.o
                0x00005330                HW_CGC_ClockWaitSet
 .text.HW_CGC_ClockSourceValidCheck
                0x0000536c        0xc ./synergy/ssp/src/driver/r_cgc/hw/hw_cgc.o
                0x0000536c                HW_CGC_ClockSourceValidCheck
 .text.HW_CGC_SystemClockValidCheck
                0x00005378        0xc ./synergy/ssp/src/driver/r_cgc/hw/hw_cgc.o
                0x00005378                HW_CGC_SystemClockValidCheck
 .text.HW_CGC_ClockSourceGet
                0x00005384       0x10 ./synergy/ssp/src/driver/r_cgc/hw/hw_cgc.o
                0x00005384                HW_CGC_ClockSourceGet
 .text.HW_CGC_ClockSourceSet
                0x00005394       0x3c ./synergy/ssp/src/driver/r_cgc/hw/hw_cgc.o
                0x00005394                HW_CGC_ClockSourceSet
 .text.HW_CGC_PLLMultiplierSet
                0x000053d0        0x4 ./synergy/ssp/src/driver/r_cgc/hw/hw_cgc.o
                0x000053d0                HW_CGC_PLLMultiplierSet
 .text.HW_CGC_PLLDividerSet
                0x000053d4        0x4 ./synergy/ssp/src/driver/r_cgc/hw/hw_cgc.o
                0x000053d4                HW_CGC_PLLDividerSet
 .text.HW_CGC_SystemDividersSet
                0x000053d8       0x68 ./synergy/ssp/src/driver/r_cgc/hw/hw_cgc.o
                0x000053d8                HW_CGC_SystemDividersSet
 .text.HW_CGC_SystemDividersGet
                0x00005440       0x40 ./synergy/ssp/src/driver/r_cgc/hw/hw_cgc.o
                0x00005440                HW_CGC_SystemDividersGet
 .text.HW_CGC_ClockCfgValidCheck
                0x00005480       0x40 ./synergy/ssp/src/driver/r_cgc/hw/hw_cgc.o
                0x00005480                HW_CGC_ClockCfgValidCheck
 .text.HW_CGC_ClockDividerGet
                0x000054c0       0x60 ./synergy/ssp/src/driver/r_cgc/hw/hw_cgc.o
                0x000054c0                HW_CGC_ClockDividerGet
 .text.HW_CGC_ClockHzGet
                0x00005520       0x24 ./synergy/ssp/src/driver/r_cgc/hw/hw_cgc.o
                0x00005520                HW_CGC_ClockHzGet
 .text.HW_CGC_ClockHzCalculate
                0x00005544       0x10 ./synergy/ssp/src/driver/r_cgc/hw/hw_cgc.o
                0x00005544                HW_CGC_ClockHzCalculate
 .text.HW_CGC_SetHighSpeedMode
                0x00005554       0x5c ./synergy/ssp/src/driver/r_cgc/hw/hw_cgc.o
                0x00005554                HW_CGC_SetHighSpeedMode
 .text.HW_CGC_OscStopDetectEnable
                0x000055b0       0x44 ./synergy/ssp/src/driver/r_cgc/hw/hw_cgc.o
                0x000055b0                HW_CGC_OscStopDetectEnable
 .text.HW_CGC_OscStopDetectDisable
                0x000055f4       0x40 ./synergy/ssp/src/driver/r_cgc/hw/hw_cgc.o
                0x000055f4                HW_CGC_OscStopDetectDisable
 .text.HW_CGC_OscStopDetectEnabledGet
                0x00005634       0x10 ./synergy/ssp/src/driver/r_cgc/hw/hw_cgc.o
                0x00005634                HW_CGC_OscStopDetectEnabledGet
 .text.HW_CGC_OscStopDetectGet
                0x00005644       0x10 ./synergy/ssp/src/driver/r_cgc/hw/hw_cgc.o
                0x00005644                HW_CGC_OscStopDetectGet
 .text.HW_CGC_OscStopStatusClear
                0x00005654       0x44 ./synergy/ssp/src/driver/r_cgc/hw/hw_cgc.o
                0x00005654                HW_CGC_OscStopStatusClear
 .text.HW_CGC_BusClockOutCfg
                0x00005698       0x3c ./synergy/ssp/src/driver/r_cgc/hw/hw_cgc.o
                0x00005698                HW_CGC_BusClockOutCfg
 .text.HW_CGC_BusClockOutEnable
                0x000056d4       0x38 ./synergy/ssp/src/driver/r_cgc/hw/hw_cgc.o
                0x000056d4                HW_CGC_BusClockOutEnable
 .text.HW_CGC_BusClockOutDisable
                0x0000570c       0x38 ./synergy/ssp/src/driver/r_cgc/hw/hw_cgc.o
                0x0000570c                HW_CGC_BusClockOutDisable
 .text.HW_CGC_ClockOutCfg
                0x00005744       0x54 ./synergy/ssp/src/driver/r_cgc/hw/hw_cgc.o
                0x00005744                HW_CGC_ClockOutCfg
 .text.HW_CGC_ClockOutEnable
                0x00005798       0x3c ./synergy/ssp/src/driver/r_cgc/hw/hw_cgc.o
                0x00005798                HW_CGC_ClockOutEnable
 .text.HW_CGC_ClockOutDisable
                0x000057d4       0x38 ./synergy/ssp/src/driver/r_cgc/hw/hw_cgc.o
                0x000057d4                HW_CGC_ClockOutDisable
 .text.HW_CGC_SystickUpdate
                0x0000580c       0x4c ./synergy/ssp/src/driver/r_cgc/hw/hw_cgc.o
                0x0000580c                HW_CGC_SystickUpdate
 .text.HW_CGC_LCDClockCfg
                0x00005858       0x18 ./synergy/ssp/src/driver/r_cgc/hw/hw_cgc.o
                0x00005858                HW_CGC_LCDClockCfg
 .text.HW_CGC_LCDClockEnable
                0x00005870       0x14 ./synergy/ssp/src/driver/r_cgc/hw/hw_cgc.o
                0x00005870                HW_CGC_LCDClockEnable
 .text.HW_CGC_LCDClockDisable
                0x00005884       0x14 ./synergy/ssp/src/driver/r_cgc/hw/hw_cgc.o
                0x00005884                HW_CGC_LCDClockDisable
 .text.R_CGC_SDRAMClockOutEnable
                0x00005898        0x4 ./synergy/ssp/src/driver/r_cgc/r_cgc.o
                0x00005898                R_CGC_SDRAMClockOutEnable
 .text.R_CGC_SDRAMClockOutDisable
                0x0000589c        0x4 ./synergy/ssp/src/driver/r_cgc/r_cgc.o
                0x0000589c                R_CGC_SDRAMClockOutDisable
 .text.R_CGC_USBClockCfg
                0x000058a0        0x4 ./synergy/ssp/src/driver/r_cgc/r_cgc.o
                0x000058a0                R_CGC_USBClockCfg
 .text.R_CGC_VersionGet
                0x000058a4       0x10 ./synergy/ssp/src/driver/r_cgc/r_cgc.o
                0x000058a4                R_CGC_VersionGet
 .text.R_CGC_SystemClockGet
                0x000058b4       0x18 ./synergy/ssp/src/driver/r_cgc/r_cgc.o
                0x000058b4                R_CGC_SystemClockGet
 .text.R_CGC_SystemClockFreqGet
                0x000058cc       0x24 ./synergy/ssp/src/driver/r_cgc/r_cgc.o
                0x000058cc                R_CGC_SystemClockFreqGet
 .text.R_CGC_OscStopStatusClear
                0x000058f0       0x20 ./synergy/ssp/src/driver/r_cgc/r_cgc.o
                0x000058f0                R_CGC_OscStopStatusClear
 .text.R_CGC_BusClockOutCfg
                0x00005910        0xc ./synergy/ssp/src/driver/r_cgc/r_cgc.o
                0x00005910                R_CGC_BusClockOutCfg
 .text.R_CGC_BusClockOutEnable
                0x0000591c        0xc ./synergy/ssp/src/driver/r_cgc/r_cgc.o
                0x0000591c                R_CGC_BusClockOutEnable
 .text.R_CGC_BusClockOutDisable
                0x00005928        0xc ./synergy/ssp/src/driver/r_cgc/r_cgc.o
                0x00005928                R_CGC_BusClockOutDisable
 .text.R_CGC_ClockOutCfg
                0x00005934        0xc ./synergy/ssp/src/driver/r_cgc/r_cgc.o
                0x00005934                R_CGC_ClockOutCfg
 .text.R_CGC_ClockOutEnable
                0x00005940        0xc ./synergy/ssp/src/driver/r_cgc/r_cgc.o
                0x00005940                R_CGC_ClockOutEnable
 .text.R_CGC_ClockOutDisable
                0x0000594c        0xc ./synergy/ssp/src/driver/r_cgc/r_cgc.o
                0x0000594c                R_CGC_ClockOutDisable
 .text.R_CGC_LCDClockCfg
                0x00005958        0xc ./synergy/ssp/src/driver/r_cgc/r_cgc.o
                0x00005958                R_CGC_LCDClockCfg
 .text.R_CGC_LCDClockEnable
                0x00005964        0xc ./synergy/ssp/src/driver/r_cgc/r_cgc.o
                0x00005964                R_CGC_LCDClockEnable
 .text.R_CGC_LCDClockDisable
                0x00005970        0xc ./synergy/ssp/src/driver/r_cgc/r_cgc.o
                0x00005970                R_CGC_LCDClockDisable
 .text.R_CGC_Init
                0x0000597c       0x50 ./synergy/ssp/src/driver/r_cgc/r_cgc.o
                0x0000597c                R_CGC_Init
 .text.R_CGC_ClockCheck
                0x000059cc       0x5c ./synergy/ssp/src/driver/r_cgc/r_cgc.o
                0x000059cc                R_CGC_ClockCheck
 .text.R_CGC_ClockStart
                0x00005a28      0x120 ./synergy/ssp/src/driver/r_cgc/r_cgc.o
                0x00005a28                R_CGC_ClockStart
 .text.R_CGC_ClockStop
                0x00005b48       0xac ./synergy/ssp/src/driver/r_cgc/r_cgc.o
                0x00005b48                R_CGC_ClockStop
 .text.R_CGC_OscStopDetect
                0x00005bf4       0x34 ./synergy/ssp/src/driver/r_cgc/r_cgc.o
                0x00005bf4                R_CGC_OscStopDetect
 .text.R_CGC_SystickUpdate.part.5
                0x00005c28       0x40 ./synergy/ssp/src/driver/r_cgc/r_cgc.o
 .text.R_CGC_SystickUpdate
                0x00005c68       0x14 ./synergy/ssp/src/driver/r_cgc/r_cgc.o
                0x00005c68                R_CGC_SystickUpdate
 .text.R_CGC_SystemClockSet
                0x00005c7c       0x90 ./synergy/ssp/src/driver/r_cgc/r_cgc.o
                0x00005c7c                R_CGC_SystemClockSet
 .text.HW_ADC_ScanCfgCheckSampleHold
                0x00005d0c       0x10 ./synergy/ssp/src/driver/r_adc/hw/target/s124/hw_adc_private_s124.o
                0x00005d0c                HW_ADC_ScanCfgCheckSampleHold
 .text.HW_ADC_ScanCfgSetSampleHold
                0x00005d1c        0x4 ./synergy/ssp/src/driver/r_adc/hw/target/s124/hw_adc_private_s124.o
                0x00005d1c                HW_ADC_ScanCfgSetSampleHold
 .text.HW_ADC_ScanCfgCheckSensors
                0x00005d20       0x4c ./synergy/ssp/src/driver/r_adc/hw/target/s124/hw_adc_private_s124.o
                0x00005d20                HW_ADC_ScanCfgCheckSensors
 .text.HW_ADC_SensorCfgTemperature
                0x00005d6c       0x3c ./synergy/ssp/src/driver/r_adc/hw/target/s124/hw_adc_private_s124.o
                0x00005d6c                HW_ADC_SensorCfgTemperature
 .text.HW_ADC_SensorCfgVoltageGroupA
                0x00005da8       0x14 ./synergy/ssp/src/driver/r_adc/hw/target/s124/hw_adc_private_s124.o
                0x00005da8                HW_ADC_SensorCfgVoltageGroupA
 .text.HW_ADC_SensorCfgVoltageGroupB
                0x00005dbc        0x4 ./synergy/ssp/src/driver/r_adc/hw/target/s124/hw_adc_private_s124.o
                0x00005dbc                HW_ADC_SensorCfgVoltageGroupB
 .text.HW_ADC_S12adiEnable
                0x00005dc0       0x14 ./synergy/ssp/src/driver/r_adc/hw/target/s124/hw_adc_private_s124.o
                0x00005dc0                HW_ADC_S12adiEnable
 .text.HW_ADC_S12gbadiEnable
                0x00005dd4       0x10 ./synergy/ssp/src/driver/r_adc/hw/target/s124/hw_adc_private_s124.o
                0x00005dd4                HW_ADC_S12gbadiEnable
 .text.HW_ADC_S12gbadiDisable
                0x00005de4       0x10 ./synergy/ssp/src/driver/r_adc/hw/target/s124/hw_adc_private_s124.o
                0x00005de4                HW_ADC_S12gbadiDisable
 .text.HW_ADC_Close
                0x00005df4       0x70 ./synergy/ssp/src/driver/r_adc/hw/target/s124/hw_adc_private_s124.o
                0x00005df4                HW_ADC_Close
 .text.HW_ADC_ELCEventGet
                0x00005e64       0x10 ./synergy/ssp/src/driver/r_adc/hw/target/s124/hw_adc_private_s124.o
                0x00005e64                HW_ADC_ELCEventGet
 .text.r_adc_open_cfg_check_unique
                0x00005e74       0x4c ./synergy/ssp/src/driver/r_adc/hw/target/s124/r_adc_private_124.o
                0x00005e74                r_adc_open_cfg_check_unique
 .text.HW_ADC_Open
                0x00005ec0      0x100 ./synergy/ssp/src/driver/r_adc/hw/hw_adc_private.o
                0x00005ec0                HW_ADC_Open
 .text.HW_ADC_ScanCfgCheck
                0x00005fc0       0x80 ./synergy/ssp/src/driver/r_adc/hw/hw_adc_private.o
                0x00005fc0                HW_ADC_ScanCfgCheck
 .text.HW_ADC_SensorCfg
                0x00006040       0x6c ./synergy/ssp/src/driver/r_adc/hw/hw_adc_private.o
                0x00006040                HW_ADC_SensorCfg
 .text.HW_ADC_ScanCfg
                0x000060ac       0xe4 ./synergy/ssp/src/driver/r_adc/hw/hw_adc_private.o
                0x000060ac                HW_ADC_ScanCfg
 .text.R_ADC_ScanStart
                0x00006190       0x54 ./synergy/ssp/src/driver/r_adc/r_adc.o
                0x00006190                R_ADC_ScanStart
 .text.R_ADC_ScanStop
                0x000061e4       0x48 ./synergy/ssp/src/driver/r_adc/r_adc.o
                0x000061e4                R_ADC_ScanStop
 .text.R_ADC_VersionGet
                0x0000622c       0x1c ./synergy/ssp/src/driver/r_adc/r_adc.o
                0x0000622c                R_ADC_VersionGet
 .text.R_ADC_Open
                0x00006248       0xa0 ./synergy/ssp/src/driver/r_adc/r_adc.o
                0x00006248                R_ADC_Open
 .text.R_ADC_ScanConfigure
                0x000062e8       0x40 ./synergy/ssp/src/driver/r_adc/r_adc.o
                0x000062e8                R_ADC_ScanConfigure
 .text.R_ADC_InfoGet
                0x00006328       0x7c ./synergy/ssp/src/driver/r_adc/r_adc.o
                0x00006328                R_ADC_InfoGet
 .text.R_ADC_Close
                0x000063a4       0x44 ./synergy/ssp/src/driver/r_adc/r_adc.o
                0x000063a4                R_ADC_Close
 .text.R_ADC_CheckScanDone
                0x000063e8       0x30 ./synergy/ssp/src/driver/r_adc/r_adc.o
                0x000063e8                R_ADC_CheckScanDone
 .text.R_ADC_Read
                0x00006418       0x44 ./synergy/ssp/src/driver/r_adc/r_adc.o
                0x00006418                R_ADC_Read
 .text.R_ADC_SetSampleStateCount
                0x0000645c       0x44 ./synergy/ssp/src/driver/r_adc/r_adc.o
                0x0000645c                R_ADC_SetSampleStateCount
 .text.R_BSP_CacheOff
                0x000064a0        0x4 ./synergy/ssp/src/bsp/mcu/s124/bsp_cache.o
                0x000064a0                R_BSP_CacheOff
 .text.R_BSP_CacheSet
                0x000064a4        0x4 ./synergy/ssp/src/bsp/mcu/s124/bsp_cache.o
                0x000064a4                R_BSP_CacheSet
 .text.bsp_clock_init
                0x000064a8       0x44 ./synergy/ssp/src/bsp/mcu/s124/bsp_clocks.o
                0x000064a8                bsp_clock_init
 .text.bsp_cpu_clock_get
                0x000064ec       0x18 ./synergy/ssp/src/bsp/mcu/s124/bsp_clocks.o
                0x000064ec                bsp_cpu_clock_get
 .text.bsp_group_interrupt_open
                0x00006504       0x14 ./synergy/ssp/src/bsp/mcu/s124/bsp_group_irq.o
                0x00006504                bsp_group_interrupt_open
 .text.R_BSP_GroupIrqWrite
                0x00006518       0x10 ./synergy/ssp/src/bsp/mcu/s124/bsp_group_irq.o
                0x00006518                R_BSP_GroupIrqWrite
 .text.NMI_Handler
                0x00006528      0x164 ./synergy/ssp/src/bsp/mcu/s124/bsp_group_irq.o
                0x00006528                NMI_Handler
 .text.R_BSP_IrqStatusClear
                0x0000668c       0x20 ./synergy/ssp/src/bsp/mcu/s124/bsp_irq.o
                0x0000668c                R_BSP_IrqStatusClear
 .text.bsp_irq_cfg
                0x000066ac      0x12c ./synergy/ssp/src/bsp/mcu/s124/bsp_irq.o
                0x000066ac                bsp_irq_cfg
 .text.R_BSP_SoftwareLock
                0x000067d8       0x30 ./synergy/ssp/src/bsp/mcu/s124/bsp_locking.o
                0x000067d8                R_BSP_SoftwareLock
 .text.R_BSP_SoftwareUnlock
                0x00006808        0x8 ./synergy/ssp/src/bsp/mcu/s124/bsp_locking.o
                0x00006808                R_BSP_SoftwareUnlock
 .text.R_BSP_HardwareLock
                0x00006810       0x38 ./synergy/ssp/src/bsp/mcu/s124/bsp_locking.o
                0x00006810                R_BSP_HardwareLock
 .text.R_BSP_HardwareUnlock
                0x00006848        0xc ./synergy/ssp/src/bsp/mcu/s124/bsp_locking.o
                0x00006848                R_BSP_HardwareUnlock
 .text.bsp_init_hardware_locks
                0x00006854       0x18 ./synergy/ssp/src/bsp/mcu/s124/bsp_locking.o
                0x00006854                bsp_init_hardware_locks
 .text.R_BSP_RegisterProtectEnable
                0x0000686c       0x44 ./synergy/ssp/src/bsp/mcu/s124/bsp_register_protection.o
                0x0000686c                R_BSP_RegisterProtectEnable
 .text.R_BSP_RegisterProtectDisable
                0x000068b0       0x40 ./synergy/ssp/src/bsp/mcu/s124/bsp_register_protection.o
                0x000068b0                R_BSP_RegisterProtectDisable
 .text.bsp_register_protect_open
                0x000068f0       0x10 ./synergy/ssp/src/bsp/mcu/s124/bsp_register_protection.o
                0x000068f0                bsp_register_protect_open
 .text.Default_Handler
                0x00006900        0x4 ./synergy/ssp/src/bsp/cmsis/Device/RENESAS/S124/Source/startup_S124.o
                0x00006900                DebugMon_Handler
                0x00006900                ctsu_write_isr
                0x00006900                gpt1_compare_c_isr
                0x00006900                iic1_txi_isr
                0x00006900                elc_software_event_0_isr
                0x00006900                gpt1_compare_d_isr
                0x00006900                icu_irq5_isr
                0x00006900                HardFault_Handler
                0x00006900                key_int_isr
                0x00006900                gpt4_capture_compare_a_isr
                0x00006900                icu_irq1_isr
                0x00006900                SysTick_Handler
                0x00006900                PendSV_Handler
                0x00006900                gpt0_counter_underflow_isr
                0x00006900                gpt2_compare_c_isr
                0x00006900                usbfs_int_isr
                0x00006900                spi1_eri_isr
                0x00006900                adc0_scan_end_b_isr
                0x00006900                gpt5_compare_d_isr
                0x00006900                poeg1_event_isr
                0x00006900                iic1_eri_isr
                0x00006900                icu_irq2_isr
                0x00006900                iic0_tei_isr
                0x00006900                adc0_compare_match_isr
                0x00006900                spi1_txi_isr
                0x00006900                gpt5_capture_compare_b_isr
                0x00006900                gpt5_compare_c_isr
                0x00006900                gpt6_capture_compare_a_isr
                0x00006900                agt1_int_isr
                0x00006900                gpt0_capture_compare_b_isr
                0x00006900                aes_wrreq_isr
                0x00006900                spi0_idle_isr
                0x00006900                sci1_eri_isr
                0x00006900                agt0_int_isr
                0x00006900                sci9_am_isr
                0x00006900                UsageFault_Handler
                0x00006900                iic1_tei_isr
                0x00006900                adc0_window_b_isr
                0x00006900                iwdt_underflow_isr
                0x00006900                icu_irq7_isr
                0x00006900                gpt5_counter_overflow_isr
                0x00006900                gpt2_capture_compare_a_isr
                0x00006900                can0_mailbox_tx_isr
                0x00006900                gpt3_capture_compare_b_isr
                0x00006900                gpt2_capture_compare_b_isr
                0x00006900                gpt0_compare_c_isr
                0x00006900                gpt1_capture_compare_b_isr
                0x00006900                spi1_tei_isr
                0x00006900                cac_measurement_end_isr
                0x00006900                icu_irq3_isr
                0x00006900                icu_irq0_isr
                0x00006900                gpt6_capture_compare_b_isr
                0x00006900                gpt6_compare_d_isr
                0x00006900                can0_mailbox_rx_isr
                0x00006900                adc0_window_a_isr
                0x00006900                dtc_complete_isr
                0x00006900                gpt4_counter_underflow_isr
                0x00006900                adc0_compare_mismatch_isr
                0x00006900                ops_uvw_edge_isr
                0x00006900                gpt6_compare_c_isr
                0x00006900                gpt5_capture_compare_a_isr
                0x00006900                gpt4_compare_d_isr
                0x00006900                iic0_txi_isr
                0x00006900                sci0_rxi_or_eri_isr
                0x00006900                gpt4_counter_overflow_isr
                0x00006900                gpt1_counter_underflow_isr
                0x00006900                gpt3_capture_compare_a_isr
                0x00006900                gpt3_counter_overflow_isr
                0x00006900                elc_software_event_1_isr
                0x00006900                rtc_alarm_isr
                0x00006900                wdt_underflow_isr
                0x00006900                iic0_eri_isr
                0x00006900                comp_lp_0_isr
                0x00006900                gpt1_counter_overflow_isr
                0x00006900                Default_Handler
                0x00006900                cgc_mosc_stop_isr
                0x00006900                gpt3_compare_c_isr
                0x00006900                agt1_compare_a_isr
                0x00006900                gpt0_compare_d_isr
                0x00006900                gpt1_capture_compare_a_isr
                0x00006900                sci1_tei_isr
                0x00006900                gpt4_capture_compare_b_isr
                0x00006900                iic1_rxi_isr
                0x00006900                gpt4_compare_c_isr
                0x00006900                usbfs_resume_isr
                0x00006900                trng_rdreq_isr
                0x00006900                can0_error_isr
                0x00006900                spi0_rxi_isr
                0x00006900                ctsu_end_isr
                0x00006900                spi1_rxi_isr
                0x00006900                spi0_eri_isr
                0x00006900                sci0_am_isr
                0x00006900                icu_irq6_isr
                0x00006900                MemManage_Handler
                0x00006900                doc_int_isr
                0x00006900                SVC_Handler
                0x00006900                gpt3_compare_d_isr
                0x00006900                gpt2_counter_overflow_isr
                0x00006900                can0_fifo_tx_isr
                0x00006900                ioport_event_2_isr
                0x00006900                gpt6_counter_overflow_isr
                0x00006900                rtc_carry_isr
                0x00006900                sci1_rxi_isr
                0x00006900                gpt2_compare_d_isr
                0x00006900                spi0_tei_isr
                0x00006900                adc0_scan_end_isr
                0x00006900                ioport_event_1_isr
                0x00006900                gpt0_capture_compare_a_isr
                0x00006900                spi1_idle_isr
                0x00006900                gpt6_counter_underflow_isr
                0x00006900                rtc_period_isr
                0x00006900                iic0_rxi_isr
                0x00006900                comp_lp_1_isr
                0x00006900                cac_frequency_error_isr
                0x00006900                aes_rdreq_isr
                0x00006900                lpm_snooze_request_isr
                0x00006900                dtc_end_isr
                0x00006900                sci1_txi_isr
                0x00006900                gpt3_counter_underflow_isr
                0x00006900                agt1_compare_b_isr
                0x00006900                ctsu_read_isr
                0x00006900                icu_irq4_isr
                0x00006900                cac_overflow_isr
                0x00006900                sci1_am_isr
                0x00006900                BusFault_Handler
                0x00006900                gpt5_counter_underflow_isr
                0x00006900                spi0_txi_isr
                0x00006900                lvd_lvd2_isr
                0x00006900                poeg0_event_isr
                0x00006900                lvd_lvd1_isr
                0x00006900                agt0_compare_b_isr
                0x00006900                agt0_compare_a_isr
                0x00006900                icu_snooze_cancel_isr
                0x00006900                can0_fifo_rx_isr
                0x00006900                iic0_wui_isr
                0x00006900                gpt2_counter_underflow_isr
 .text.Reset_Handler
                0x00006904        0xc ./synergy/ssp/src/bsp/cmsis/Device/RENESAS/S124/Source/startup_S124.o
                0x00006904                Reset_Handler
 .text.R_BSP_WarmStart
                0x00006910        0x4 ./synergy/ssp/src/bsp/cmsis/Device/RENESAS/S124/Source/system_S124.o
                0x00006910                R_BSP_WarmStart
 .text.SystemInit
                0x00006914       0xa8 ./synergy/ssp/src/bsp/cmsis/Device/RENESAS/S124/Source/system_S124.o
                0x00006914                SystemInit
 .text.bsp_init
                0x000069bc        0x4 ./synergy/ssp/src/bsp/board/s124_user/bsp_init.o
                0x000069bc                bsp_init
 .text.flash_callback_internal
                0x000069c0        0x4 ./src/synergy_gen/hal_data.o
                0x000069c0                flash_callback_internal
                0x000069c0                flash_callback
 .text.startup.main
                0x000069c4        0xc ./src/synergy_gen/main.o
                0x000069c4                main
 .text.EmcoreCommands
                0x000069d0      0xbe8 ./src/ProcessCmd.o
                0x000069d0                EmcoreCommands
 .text.UART0_Callback
                0x000075b8       0x74 ./src/UART.o
                0x000075b8                UART0_Callback
 .text.adcRead  0x0000762c      0x12c ./src/adc.o
                0x0000762c                adcRead
 .text.adcSendUart
                0x00007758      0x110 ./src/adc.o
                0x00007758                adcSendUart
 .text.alarmCheck
                0x00007868      0x27c ./src/alarm.o
                0x00007868                alarmCheck
 .text._SPI_transfer_callback
                0x00007ae4       0x18 ./src/dac.o
 .text.R_SPI_Init
                0x00007afc       0x40 ./src/dac.o
                0x00007afc                R_SPI_Init
 .text.SPI_write_data
                0x00007b3c      0x178 ./src/dac.o
                0x00007b3c                SPI_write_data
 .text.wait     0x00007cb4       0x34 ./src/dac.o
                0x00007cb4                wait
 .text.writeSBS
                0x00007ce8       0x84 ./src/dac.o
                0x00007ce8                writeSBS
 .text.writeFlash
                0x00007d6c       0xd0 ./src/flashHandle.o
                0x00007d6c                writeFlash
 .text.readFlash
                0x00007e3c       0x94 ./src/flashHandle.o
                0x00007e3c                readFlash
 .text.readFlashPage
                0x00007ed0       0x94 ./src/flashHandle.o
                0x00007ed0                readFlashPage
 .text.hal_entry
                0x00007f64      0x57c ./src/hal_entry.o
                0x00007f64                hal_entry
 .text.checkGain
                0x000084e0      0x10c ./src/rfGain.o
                0x000084e0                checkGain
 .text.setFreqSBS
                0x000085ec       0x70 ./src/sbs_cmds.o
                0x000085ec                setFreqSBS
 .text.initSBSSPIport
                0x0000865c       0x38 ./src/sbs_cmds.o
                0x0000865c                initSBSSPIport
 .text.getTcValue
                0x00008694       0xc8 ./src/tc_fc_table.o
                0x00008694                getTcValue
 .text.checkSetTc
                0x0000875c       0xac ./src/tc_fc_table.o
                0x0000875c                checkSetTc
 .text.getFcValue
                0x00008808       0xd0 ./src/tc_fc_table.o
                0x00008808                getFcValue
 .text.checkSetFc
                0x000088d8       0x74 ./src/tc_fc_table.o
                0x000088d8                checkSetFc
 .text.checkTcFc
                0x0000894c       0xb4 ./src/tc_fc_table.o
                0x0000894c                checkTcFc
 .text.readTCFC
                0x00008a00       0xc4 ./src/tc_fc_table.o
                0x00008a00                readTCFC
 .text.powerLed
                0x00008ac4       0x38 ./src/timer.o
                0x00008ac4                powerLed
 .text.gTimer_ISR
                0x00008afc       0xa8 ./src/timer.o
                0x00008afc                gTimer_ISR
 .text.tx_isr_end
                0x00008ba4        0x4 C:\vc\emcore\LEML\48pin\release\2--3-2017\9267_4\synergy\ssp\src\framework\el\tx\cm0plus_gcc\libtx.a(tx_isr_end.o)
                0x00008ba4                tx_isr_end
 .text.tx_isr_start
                0x00008ba8        0x4 C:\vc\emcore\LEML\48pin\release\2--3-2017\9267_4\synergy\ssp\src\framework\el\tx\cm0plus_gcc\libtx.a(tx_isr_start.o)
                0x00008ba8                tx_isr_start
 .text._tx_thread_sleep
                0x00008bac       0x60 C:\vc\emcore\LEML\48pin\release\2--3-2017\9267_4\synergy\ssp\src\framework\el\tx\cm0plus_gcc\libtx.a(tx_thread_sleep.o)
                0x00008bac                _tx_thread_sleep
 .text._tx_thread_system_suspend
                0x00008c0c      0x170 C:\vc\emcore\LEML\48pin\release\2--3-2017\9267_4\synergy\ssp\src\framework\el\tx\cm0plus_gcc\libtx.a(tx_thread_system_suspend.o)
                0x00008c0c                _tx_thread_system_suspend
 .text._tx_timer_system_activate
                0x00008d7c       0x64 C:\vc\emcore\LEML\48pin\release\2--3-2017\9267_4\synergy\ssp\src\framework\el\tx\cm0plus_gcc\libtx.a(tx_timer_system_activate.o)
                0x00008d7c                _tx_timer_system_activate
 .text.round    0x00008de0       0xac c:/program files (x86)/gnu tools arm embedded/4.9 2015q3/bin/../lib/gcc/arm-none-eabi/4.9.3/../../../../arm-none-eabi/lib/armv6-m\libm.a(lib_a-s_round.o)
                0x00008de0                round
 .text.log10    0x00008e8c      0x10c c:/program files (x86)/gnu tools arm embedded/4.9 2015q3/bin/../lib/gcc/arm-none-eabi/4.9.3/../../../../arm-none-eabi/lib/armv6-m\libm.a(lib_a-w_log10.o)
                0x00008e8c                log10
 .text.__ieee754_log10
                0x00008f98      0x128 c:/program files (x86)/gnu tools arm embedded/4.9 2015q3/bin/../lib/gcc/arm-none-eabi/4.9.3/../../../../arm-none-eabi/lib/armv6-m\libm.a(lib_a-e_log10.o)
                0x00008f98                __ieee754_log10
 .text.__fpclassifyd
                0x000090c0       0x5c c:/program files (x86)/gnu tools arm embedded/4.9 2015q3/bin/../lib/gcc/arm-none-eabi/4.9.3/../../../../arm-none-eabi/lib/armv6-m\libm.a(lib_a-s_fpclassify.o)
                0x000090c0                __fpclassifyd
 .text.matherr  0x0000911c        0x4 c:/program files (x86)/gnu tools arm embedded/4.9 2015q3/bin/../lib/gcc/arm-none-eabi/4.9.3/../../../../arm-none-eabi/lib/armv6-m\libm.a(lib_a-s_matherr.o)
                0x0000911c                matherr
 .text.nan      0x00009120        0xc c:/program files (x86)/gnu tools arm embedded/4.9 2015q3/bin/../lib/gcc/arm-none-eabi/4.9.3/../../../../arm-none-eabi/lib/armv6-m\libm.a(lib_a-s_nan.o)
                0x00009120                nan
 .text.__ieee754_log
                0x0000912c      0x40c c:/program files (x86)/gnu tools arm embedded/4.9 2015q3/bin/../lib/gcc/arm-none-eabi/4.9.3/../../../../arm-none-eabi/lib/armv6-m\libm.a(lib_a-e_log.o)
                0x0000912c                __ieee754_log
 .text          0x00009538      0x120 c:/program files (x86)/gnu tools arm embedded/4.9 2015q3/bin/../lib/gcc/arm-none-eabi/4.9.3/armv6-m\libgcc.a(_udivsi3.o)
                0x00009538                __aeabi_uidiv
                0x00009538                __udivsi3
                0x00009644                __aeabi_uidivmod
 .text          0x00009658      0x1e0 c:/program files (x86)/gnu tools arm embedded/4.9 2015q3/bin/../lib/gcc/arm-none-eabi/4.9.3/armv6-m\libgcc.a(_divsi3.o)
                0x00009658                __divsi3
                0x00009658                __aeabi_idiv
                0x00009824                __aeabi_idivmod
 .text          0x00009838        0x4 c:/program files (x86)/gnu tools arm embedded/4.9 2015q3/bin/../lib/gcc/arm-none-eabi/4.9.3/armv6-m\libgcc.a(_dvmd_tls.o)
                0x00009838                __aeabi_idiv0
                0x00009838                __aeabi_ldiv0
 .text          0x0000983c       0x7c c:/program files (x86)/gnu tools arm embedded/4.9 2015q3/bin/../lib/gcc/arm-none-eabi/4.9.3/armv6-m\libgcc.a(_arm_cmpdf2.o)
                0x0000983c                __aeabi_cdrcmple
                0x0000984c                __aeabi_cdcmple
                0x0000984c                __aeabi_cdcmpeq
                0x0000985c                __aeabi_dcmpeq
                0x00009868                __aeabi_dcmplt
                0x0000987c                __aeabi_dcmple
                0x00009890                __aeabi_dcmpgt
                0x000098a4                __aeabi_dcmpge
 .text          0x000098b8       0x74 c:/program files (x86)/gnu tools arm embedded/4.9 2015q3/bin/../lib/gcc/arm-none-eabi/4.9.3/armv6-m\libgcc.a(_arm_cmpsf2.o)
                0x000098b8                __aeabi_cfrcmple
                0x000098c0                __aeabi_cfcmpeq
                0x000098c0                __aeabi_cfcmple
                0x000098d0                __aeabi_fcmpeq
                0x000098dc                __aeabi_fcmplt
                0x000098f0                __aeabi_fcmple
                0x00009904                __aeabi_fcmpgt
                0x00009918                __aeabi_fcmpge
 .text          0x0000992c       0x40 c:/program files (x86)/gnu tools arm embedded/4.9 2015q3/bin/../lib/gcc/arm-none-eabi/4.9.3/armv6-m\libgcc.a(_aeabi_uldivmod.o)
                0x0000992c                __aeabi_uldivmod
 .text          0x0000996c       0x54 c:/program files (x86)/gnu tools arm embedded/4.9 2015q3/bin/../lib/gcc/arm-none-eabi/4.9.3/armv6-m\libgcc.a(_muldi3.o)
                0x0000996c                __muldi3
                0x0000996c                __aeabi_lmul
 .text          0x000099c0       0x30 c:/program files (x86)/gnu tools arm embedded/4.9 2015q3/bin/../lib/gcc/arm-none-eabi/4.9.3/armv6-m\libgcc.a(_fixunssfsi.o)
                0x000099c0                __fixunssfsi
                0x000099c0                __aeabi_f2uiz
 .text          0x000099f0       0x3c c:/program files (x86)/gnu tools arm embedded/4.9 2015q3/bin/../lib/gcc/arm-none-eabi/4.9.3/armv6-m\libgcc.a(_fixunsdfsi.o)
                0x000099f0                __aeabi_d2uiz
                0x000099f0                __fixunsdfsi
 .text          0x00009a2c       0x6c c:/program files (x86)/gnu tools arm embedded/4.9 2015q3/bin/../lib/gcc/arm-none-eabi/4.9.3/armv6-m\libgcc.a(bpabi.o)
                0x00009a2c                __gnu_ldivmod_helper
                0x00009a64                __gnu_uldivmod_helper
 .text          0x00009a98      0x2f8 c:/program files (x86)/gnu tools arm embedded/4.9 2015q3/bin/../lib/gcc/arm-none-eabi/4.9.3/armv6-m\libgcc.a(addsf3.o)
                0x00009a98                __aeabi_fadd
 .text          0x00009d90      0x270 c:/program files (x86)/gnu tools arm embedded/4.9 2015q3/bin/../lib/gcc/arm-none-eabi/4.9.3/armv6-m\libgcc.a(divsf3.o)
                0x00009d90                __aeabi_fdiv
 .text          0x0000a000       0x54 c:/program files (x86)/gnu tools arm embedded/4.9 2015q3/bin/../lib/gcc/arm-none-eabi/4.9.3/armv6-m\libgcc.a(eqsf2.o)
                0x0000a000                __eqsf2
                0x0000a000                __nesf2
 .text          0x0000a054       0x94 c:/program files (x86)/gnu tools arm embedded/4.9 2015q3/bin/../lib/gcc/arm-none-eabi/4.9.3/armv6-m\libgcc.a(gesf2.o)
                0x0000a054                __gesf2
                0x0000a054                __gtsf2
 .text          0x0000a0e8       0x8c c:/program files (x86)/gnu tools arm embedded/4.9 2015q3/bin/../lib/gcc/arm-none-eabi/4.9.3/armv6-m\libgcc.a(lesf2.o)
                0x0000a0e8                __ltsf2
                0x0000a0e8                __lesf2
 .text          0x0000a174      0x264 c:/program files (x86)/gnu tools arm embedded/4.9 2015q3/bin/../lib/gcc/arm-none-eabi/4.9.3/armv6-m\libgcc.a(mulsf3.o)
                0x0000a174                __aeabi_fmul
 .text          0x0000a3d8      0x2fc c:/program files (x86)/gnu tools arm embedded/4.9 2015q3/bin/../lib/gcc/arm-none-eabi/4.9.3/armv6-m\libgcc.a(subsf3.o)
                0x0000a3d8                __aeabi_fsub
 .text          0x0000a6d4       0x40 c:/program files (x86)/gnu tools arm embedded/4.9 2015q3/bin/../lib/gcc/arm-none-eabi/4.9.3/armv6-m\libgcc.a(fixsfsi.o)
                0x0000a6d4                __aeabi_f2iz
 .text          0x0000a714       0x90 c:/program files (x86)/gnu tools arm embedded/4.9 2015q3/bin/../lib/gcc/arm-none-eabi/4.9.3/armv6-m\libgcc.a(floatsisf.o)
                0x0000a714                __aeabi_i2f
 .text          0x0000a7a4       0x90 c:/program files (x86)/gnu tools arm embedded/4.9 2015q3/bin/../lib/gcc/arm-none-eabi/4.9.3/armv6-m\libgcc.a(floatunsisf.o)
                0x0000a7a4                __aeabi_ui2f
 .text          0x0000a834      0x650 c:/program files (x86)/gnu tools arm embedded/4.9 2015q3/bin/../lib/gcc/arm-none-eabi/4.9.3/armv6-m\libgcc.a(adddf3.o)
                0x0000a834                __aeabi_dadd
 .text          0x0000ae84      0x648 c:/program files (x86)/gnu tools arm embedded/4.9 2015q3/bin/../lib/gcc/arm-none-eabi/4.9.3/armv6-m\libgcc.a(divdf3.o)
                0x0000ae84                __aeabi_ddiv
 .text          0x0000b4cc       0x88 c:/program files (x86)/gnu tools arm embedded/4.9 2015q3/bin/../lib/gcc/arm-none-eabi/4.9.3/armv6-m\libgcc.a(eqdf2.o)
                0x0000b4cc                __nedf2
                0x0000b4cc                __eqdf2
 .text          0x0000b554       0xe0 c:/program files (x86)/gnu tools arm embedded/4.9 2015q3/bin/../lib/gcc/arm-none-eabi/4.9.3/armv6-m\libgcc.a(gedf2.o)
                0x0000b554                __gedf2
                0x0000b554                __gtdf2
 .text          0x0000b634       0xcc c:/program files (x86)/gnu tools arm embedded/4.9 2015q3/bin/../lib/gcc/arm-none-eabi/4.9.3/armv6-m\libgcc.a(ledf2.o)
                0x0000b634                __ledf2
                0x0000b634                __ltdf2
 .text          0x0000b700      0x534 c:/program files (x86)/gnu tools arm embedded/4.9 2015q3/bin/../lib/gcc/arm-none-eabi/4.9.3/armv6-m\libgcc.a(muldf3.o)
                0x0000b700                __aeabi_dmul
 .text          0x0000bc34      0x6f4 c:/program files (x86)/gnu tools arm embedded/4.9 2015q3/bin/../lib/gcc/arm-none-eabi/4.9.3/armv6-m\libgcc.a(subdf3.o)
                0x0000bc34                __aeabi_dsub
 .text          0x0000c328       0x6c c:/program files (x86)/gnu tools arm embedded/4.9 2015q3/bin/../lib/gcc/arm-none-eabi/4.9.3/armv6-m\libgcc.a(fixdfsi.o)
                0x0000c328                __aeabi_d2iz
 .text          0x0000c394       0x78 c:/program files (x86)/gnu tools arm embedded/4.9 2015q3/bin/../lib/gcc/arm-none-eabi/4.9.3/armv6-m\libgcc.a(floatsidf.o)
                0x0000c394                __aeabi_i2d
 .text          0x0000c40c       0x64 c:/program files (x86)/gnu tools arm embedded/4.9 2015q3/bin/../lib/gcc/arm-none-eabi/4.9.3/armv6-m\libgcc.a(floatunsidf.o)
                0x0000c40c                __aeabi_ui2d
 .text          0x0000c470       0xa8 c:/program files (x86)/gnu tools arm embedded/4.9 2015q3/bin/../lib/gcc/arm-none-eabi/4.9.3/armv6-m\libgcc.a(extendsfdf2.o)
                0x0000c470                __aeabi_f2d
 .text          0x0000c518       0x3c c:/program files (x86)/gnu tools arm embedded/4.9 2015q3/bin/../lib/gcc/arm-none-eabi/4.9.3/armv6-m\libgcc.a(_clzsi2.o)
                0x0000c518                __clzsi2
 .text          0x0000c554      0x1f0 c:/program files (x86)/gnu tools arm embedded/4.9 2015q3/bin/../lib/gcc/arm-none-eabi/4.9.3/armv6-m\libgcc.a(_divdi3.o)
                0x0000c554                __divdi3
 .text          0x0000c744      0x158 c:/program files (x86)/gnu tools arm embedded/4.9 2015q3/bin/../lib/gcc/arm-none-eabi/4.9.3/armv6-m\libgcc.a(_udivdi3.o)
                0x0000c744                __udivdi3
 .text          0x0000c89c       0x18 c:/program files (x86)/gnu tools arm embedded/4.9 2015q3/bin/../lib/gcc/arm-none-eabi/4.9.3/armv6-m\libgcc.a(_clzdi2.o)
                0x0000c89c                __clzdi2
 .text.__errno  0x0000c8b4        0xc c:/program files (x86)/gnu tools arm embedded/4.9 2015q3/bin/../lib/gcc/arm-none-eabi/4.9.3/../../../../arm-none-eabi/lib/armv6-m\libg.a(lib_a-errno.o)
                0x0000c8b4                __errno
 .text.memcpy   0x0000c8c0       0x7c c:/program files (x86)/gnu tools arm embedded/4.9 2015q3/bin/../lib/gcc/arm-none-eabi/4.9.3/../../../../arm-none-eabi/lib/armv6-m\libg.a(lib_a-memcpy.o)
                0x0000c8c0                memcpy
 .text.startup.register_fini
                0x0000c93c       0x18 c:/program files (x86)/gnu tools arm embedded/4.9 2015q3/bin/../lib/gcc/arm-none-eabi/4.9.3/../../../../arm-none-eabi/lib/armv6-m\libg.a(lib_a-__call_atexit.o)
 .text.atexit   0x0000c954       0x10 c:/program files (x86)/gnu tools arm embedded/4.9 2015q3/bin/../lib/gcc/arm-none-eabi/4.9.3/../../../../arm-none-eabi/lib/armv6-m\libg.a(lib_a-atexit.o)
                0x0000c954                atexit
 .text.__libc_fini_array
                0x0000c964       0x34 c:/program files (x86)/gnu tools arm embedded/4.9 2015q3/bin/../lib/gcc/arm-none-eabi/4.9.3/../../../../arm-none-eabi/lib/armv6-m\libg.a(lib_a-fini.o)
                0x0000c964                __libc_fini_array
 .text.__register_exitproc
                0x0000c998       0xd4 c:/program files (x86)/gnu tools arm embedded/4.9 2015q3/bin/../lib/gcc/arm-none-eabi/4.9.3/../../../../arm-none-eabi/lib/armv6-m\libg.a(lib_a-__atexit.o)
                0x0000c998                __register_exitproc
 *(.init)
 .init          0x0000ca6c        0x4 c:/program files (x86)/gnu tools arm embedded/4.9 2015q3/bin/../lib/gcc/arm-none-eabi/4.9.3/armv6-m/crti.o
                0x0000ca6c                _init
 .init          0x0000ca70        0x8 c:/program files (x86)/gnu tools arm embedded/4.9 2015q3/bin/../lib/gcc/arm-none-eabi/4.9.3/armv6-m/crtn.o
 *(.fini)
 .fini          0x0000ca78        0x4 c:/program files (x86)/gnu tools arm embedded/4.9 2015q3/bin/../lib/gcc/arm-none-eabi/4.9.3/armv6-m/crti.o
                0x0000ca78                _fini
 .fini          0x0000ca7c        0x8 c:/program files (x86)/gnu tools arm embedded/4.9 2015q3/bin/../lib/gcc/arm-none-eabi/4.9.3/armv6-m/crtn.o
 *crtbegin.o(.ctors)
 *crtbegin?.o(.ctors)
 *(EXCLUDE_FILE(*crtend.o *crtend?.o) .ctors)
 *(SORT(.ctors.*))
 *(.ctors)
 *crtbegin.o(.dtors)
 *crtbegin?.o(.dtors)
 *(EXCLUDE_FILE(*crtend.o *crtend?.o) .dtors)
 *(SORT(.dtors.*))
 *(.dtors)
 *(.rodata*)
 .rodata.rxi_event_list
                0x0000ca84        0xa ./synergy/ssp/src/driver/r_sci_uart/r_sci_uart.o
 *fill*         0x0000ca8e        0x2 ff
 .rodata.async_baud
                0x0000ca90       0x4e ./synergy/ssp/src/driver/r_sci_uart/r_sci_uart.o
 *fill*         0x0000cade        0x2 ff
 .rodata.txi_event_list
                0x0000cae0        0xa ./synergy/ssp/src/driver/r_sci_uart/r_sci_uart.o
 *fill*         0x0000caea        0x2 ff
 .rodata.g_uart_on_sci
                0x0000caec       0x1c ./synergy/ssp/src/driver/r_sci_uart/r_sci_uart.o
                0x0000caec                g_uart_on_sci
 .rodata.rxi_event_list
                0x0000cb08        0xa ./synergy/ssp/src/driver/r_sci_spi/r_sci_spi.o
 *fill*         0x0000cb12        0x2 ff
 .rodata.sync_baud
                0x0000cb14       0x18 ./synergy/ssp/src/driver/r_sci_spi/r_sci_spi.o
 .rodata.g_spi_on_sci
                0x0000cb2c       0x18 ./synergy/ssp/src/driver/r_sci_spi/r_sci_spi.o
                0x0000cb2c                g_spi_on_sci
 .rodata.txi_event_list
                0x0000cb44        0xa ./synergy/ssp/src/driver/r_sci_spi/r_sci_spi.o
 *fill*         0x0000cb4e        0x2 ff
 .rodata.g_ioport_on_ioport
                0x0000cb50       0x38 ./synergy/ssp/src/driver/r_ioport/r_ioport.o
                0x0000cb50                g_ioport_on_ioport
 .rodata.period_to_pclk
                0x0000cb88       0x1c ./synergy/ssp/src/driver/r_gpt/r_gpt.o
 .rodata.CSWTCH.60
                0x0000cba4       0x14 ./synergy/ssp/src/driver/r_gpt/r_gpt.o
 .rodata.g_timer_on_gpt
                0x0000cbb8       0x28 ./synergy/ssp/src/driver/r_gpt/r_gpt.o
                0x0000cbb8                g_timer_on_gpt
 .rodata.irq_lookup
                0x0000cbe0        0x7 ./synergy/ssp/src/driver/r_gpt/r_gpt.o
 *fill*         0x0000cbe7        0x1 ff
 .rodata.g_gpt_version
                0x0000cbe8        0x4 ./synergy/ssp/src/driver/r_gpt/r_gpt.o
 .rodata.g_flash_RomBlockSizes
                0x0000cbec       0x40 ./synergy/ssp/src/driver/r_flash_lp/r_flash_lp.o
 .rodata.g_flash_on_flash_lp
                0x0000cc2c       0x34 ./synergy/ssp/src/driver/r_flash_lp/r_flash_lp.o
                0x0000cc2c                g_flash_on_flash_lp
 .rodata.g_flash_lp_version
                0x0000cc60        0x4 ./synergy/ssp/src/driver/r_flash_lp/r_flash_lp.o
 .rodata.g_flash_DataBlockSizes
                0x0000cc64       0x40 ./synergy/ssp/src/driver/r_flash_lp/r_flash_lp.o
 .rodata.g_elc_on_elc
                0x0000cca4       0x1c ./synergy/ssp/src/driver/r_elc/r_elc.o
                0x0000cca4                g_elc_on_elc
 .rodata.s_elc_version
                0x0000ccc0        0x4 ./synergy/ssp/src/driver/r_elc/r_elc.o
 .rodata.g_dtc_version
                0x0000ccc4        0x4 ./synergy/ssp/src/driver/r_dtc/r_dtc.o
 .rodata.g_transfer_on_dtc
                0x0000ccc8       0x24 ./synergy/ssp/src/driver/r_dtc/r_dtc.o
                0x0000ccc8                g_transfer_on_dtc
 .rodata.HW_CGC_ClockStart
                0x0000ccec       0x18 ./synergy/ssp/src/driver/r_cgc/hw/hw_cgc.o
 .rodata.HW_CGC_ClockStop
                0x0000cd04       0x18 ./synergy/ssp/src/driver/r_cgc/hw/hw_cgc.o
 .rodata.HW_CGC_ClockRunStateGet
                0x0000cd1c       0x18 ./synergy/ssp/src/driver/r_cgc/hw/hw_cgc.o
 .rodata.HW_CGC_ClockDividerGet
                0x0000cd34       0x1c ./synergy/ssp/src/driver/r_cgc/hw/hw_cgc.o
 .rodata.g_cgc_on_cgc
                0x0000cd50       0x5c ./synergy/ssp/src/driver/r_cgc/r_cgc.o
                0x0000cd50                g_cgc_on_cgc
 .rodata.g_cgc_version
                0x0000cdac        0x4 ./synergy/ssp/src/driver/r_cgc/r_cgc.o
 .rodata.dreg0_ptrs
                0x0000cdb0       0x84 ./synergy/ssp/src/driver/r_adc/hw/target/s124/hw_adc_private_s124.o
                0x0000cdb0                dreg0_ptrs
 .rodata.sreg0_ptrs
                0x0000ce34       0x4c ./synergy/ssp/src/driver/r_adc/hw/target/s124/hw_adc_private_s124.o
                0x0000ce34                sreg0_ptrs
 .rodata.g_adc_on_adc
                0x0000ce80       0x28 ./synergy/ssp/src/driver/r_adc/r_adc.o
                0x0000ce80                g_adc_on_adc
 .rodata.s_adc_version
                0x0000cea8        0x4 ./synergy/ssp/src/driver/r_adc/r_adc.o
 .rodata.g_prcr_masks
                0x0000ceac        0x6 ./synergy/ssp/src/bsp/mcu/s124/bsp_register_protection.o
 *fill*         0x0000ceb2        0x2 ff
 .rodata.g_elc_cfg
                0x0000ceb4        0xc ./synergy/ssp/src/bsp/cmsis/Device/RENESAS/S124/Source/system_S124.o
 .rodata.g_adc0_cfg
                0x0000cec0       0x18 ./src/synergy_gen/hal_data.o
                0x0000cec0                g_adc0_cfg
 .rodata.g_uart0_cfg
                0x0000ced8       0x20 ./src/synergy_gen/hal_data.o
                0x0000ced8                g_uart0_cfg
 .rodata.g_ioport
                0x0000cef8        0x8 ./src/synergy_gen/hal_data.o
                0x0000cef8                g_ioport
 .rodata.g_transfer2_cfg
                0x0000cf00       0x14 ./src/synergy_gen/hal_data.o
                0x0000cf00                g_transfer2_cfg
 .rodata.g_timer0_cfg
                0x0000cf14       0x20 ./src/synergy_gen/hal_data.o
 .rodata.g_adc0_channel_cfg
                0x0000cf34       0x14 ./src/synergy_gen/hal_data.o
                0x0000cf34                g_adc0_channel_cfg
 .rodata.g_timer0_extend
                0x0000cf48        0x4 ./src/synergy_gen/hal_data.o
 .rodata.g_uart0
                0x0000cf4c        0xc ./src/synergy_gen/hal_data.o
                0x0000cf4c                g_uart0
 .rodata.g_adc0
                0x0000cf58       0x10 ./src/synergy_gen/hal_data.o
                0x0000cf58                g_adc0
 .rodata.g_spi9_cfg
                0x0000cf68       0x24 ./src/synergy_gen/hal_data.o
                0x0000cf68                g_spi9_cfg
 .rodata.g_transfer3_cfg
                0x0000cf8c       0x14 ./src/synergy_gen/hal_data.o
                0x0000cf8c                g_transfer3_cfg
 .rodata.g_timer0
                0x0000cfa0        0xc ./src/synergy_gen/hal_data.o
                0x0000cfa0                g_timer0
 .rodata.g_transfer0
                0x0000cfac        0xc ./src/synergy_gen/hal_data.o
                0x0000cfac                g_transfer0
 .rodata.g_transfer1
                0x0000cfb8        0xc ./src/synergy_gen/hal_data.o
                0x0000cfb8                g_transfer1
 .rodata.g_transfer2
                0x0000cfc4        0xc ./src/synergy_gen/hal_data.o
                0x0000cfc4                g_transfer2
 .rodata.g_transfer3
                0x0000cfd0        0xc ./src/synergy_gen/hal_data.o
                0x0000cfd0                g_transfer3
 .rodata.g_transfer0_cfg
                0x0000cfdc       0x14 ./src/synergy_gen/hal_data.o
                0x0000cfdc                g_transfer0_cfg
 .rodata.g_uart0_cfg_extend
                0x0000cff0        0x8 ./src/synergy_gen/hal_data.o
                0x0000cff0                g_uart0_cfg_extend
 .rodata.g_flash0
                0x0000cff8        0xc ./src/synergy_gen/hal_data.o
                0x0000cff8                g_flash0
 .rodata.g_flash0_cfg
                0x0000d004       0x10 ./src/synergy_gen/hal_data.o
                0x0000d004                g_flash0_cfg
 .rodata.g_transfer1_cfg
                0x0000d014       0x14 ./src/synergy_gen/hal_data.o
                0x0000d014                g_transfer1_cfg
 .rodata.g_spi9
                0x0000d028        0xc ./src/synergy_gen/hal_data.o
                0x0000d028                g_spi9
 .rodata.g_bsp_pin_cfg
                0x0000d034        0x8 ./src/synergy_gen/pin_data.o
                0x0000d034                g_bsp_pin_cfg
 .rodata.g_bsp_pin_cfg_data
                0x0000d03c      0x118 ./src/synergy_gen/pin_data.o
                0x0000d03c                g_bsp_pin_cfg_data
 .rodata.EmcoreCommands
                0x0000d154      0x1d4 ./src/ProcessCmd.o
 .rodata        0x0000d328       0x24 ./src/tc_fc_table.o
 .rodata.str1.4
                0x0000d34c        0x9 c:/program files (x86)/gnu tools arm embedded/4.9 2015q3/bin/../lib/gcc/arm-none-eabi/4.9.3/../../../../arm-none-eabi/lib/armv6-m\libm.a(lib_a-w_log10.o)
 *fill*         0x0000d355        0x3 ff
 .rodata        0x0000d358       0x80 c:/program files (x86)/gnu tools arm embedded/4.9 2015q3/bin/../lib/gcc/arm-none-eabi/4.9.3/armv6-m\libgcc.a(divsf3.o)
 .rodata        0x0000d3d8       0x40 c:/program files (x86)/gnu tools arm embedded/4.9 2015q3/bin/../lib/gcc/arm-none-eabi/4.9.3/armv6-m\libgcc.a(mulsf3.o)
 .rodata        0x0000d418       0x40 c:/program files (x86)/gnu tools arm embedded/4.9 2015q3/bin/../lib/gcc/arm-none-eabi/4.9.3/armv6-m\libgcc.a(divdf3.o)
 .rodata        0x0000d458       0x40 c:/program files (x86)/gnu tools arm embedded/4.9 2015q3/bin/../lib/gcc/arm-none-eabi/4.9.3/armv6-m\libgcc.a(muldf3.o)
 .rodata.str1.4
                0x0000d498        0x4 c:/program files (x86)/gnu tools arm embedded/4.9 2015q3/bin/../lib/gcc/arm-none-eabi/4.9.3/../../../../arm-none-eabi/lib/armv6-m\libg.a(lib_a-impure.o)
                                  0x2 (size before relaxing)
 .rodata._global_impure_ptr
                0x0000d49c        0x4 c:/program files (x86)/gnu tools arm embedded/4.9 2015q3/bin/../lib/gcc/arm-none-eabi/4.9.3/../../../../arm-none-eabi/lib/armv6-m\libg.a(lib_a-impure.o)
                0x0000d49c                _global_impure_ptr
 *(.eh_frame*)
 .eh_frame      0x0000d4a0        0x0 c:/program files (x86)/gnu tools arm embedded/4.9 2015q3/bin/../lib/gcc/arm-none-eabi/4.9.3/armv6-m/crtbegin.o
 .eh_frame      0x0000d4a0        0x4 c:/program files (x86)/gnu tools arm embedded/4.9 2015q3/bin/../lib/gcc/arm-none-eabi/4.9.3/armv6-m/crtend.o
                0x0000d4a4                __ROM_End = .

.glue_7         0x0000d4a4        0x0
 .glue_7        0x00000000        0x0 linker stubs

.glue_7t        0x0000d4a4        0x0
 .glue_7t       0x00000000        0x0 linker stubs

.vfp11_veneer   0x0000d4a4        0x0
 .vfp11_veneer  0x00000000        0x0 linker stubs

.v4_bx          0x0000d4a4        0x0
 .v4_bx         0x00000000        0x0 linker stubs

.iplt           0x0000d4a4        0x0
 .iplt          0x00000000        0x0 c:/program files (x86)/gnu tools arm embedded/4.9 2015q3/bin/../lib/gcc/arm-none-eabi/4.9.3/armv6-m/crtbegin.o

.ARM.extab
 *(.ARM.extab* .gnu.linkonce.armextab.*)
                0x0000d4a4                __exidx_start = .

.ARM.exidx      0x0000d4a4        0x8
 *(.ARM.exidx* .gnu.linkonce.armexidx.*)
 .ARM.exidx     0x0000d4a4        0x8 c:/program files (x86)/gnu tools arm embedded/4.9 2015q3/bin/../lib/gcc/arm-none-eabi/4.9.3/armv6-m\libgcc.a(_divdi3.o)
 .ARM.exidx     0x0000d4ac        0x0 c:/program files (x86)/gnu tools arm embedded/4.9 2015q3/bin/../lib/gcc/arm-none-eabi/4.9.3/armv6-m\libgcc.a(_udivdi3.o)
                                  0x8 (size before relaxing)
                0x0000d4ac                __exidx_end = .
                0x0000d4ac                __etext = .

.rel.dyn        0x0000d4ac        0x0
 .rel.iplt      0x00000000        0x0 c:/program files (x86)/gnu tools arm embedded/4.9 2015q3/bin/../lib/gcc/arm-none-eabi/4.9.3/armv6-m/crtbegin.o

.data           0x20000000      0x5ec load address 0x0000d4ac
                0x20000000                __data_start__ = .
 *(vtable)
 *(.data.*)
 .data.g_dcb    0x20000000       0x28 ./synergy/ssp/src/driver/r_adc/r_adc.o
                0x20000000                g_dcb
 .data.g_transfer2_info
                0x20000028       0x10 ./src/synergy_gen/hal_data.o
                0x20000028                g_transfer2_info
 .data.g_transfer0_info
                0x20000038       0x10 ./src/synergy_gen/hal_data.o
                0x20000038                g_transfer0_info
 .data.g_transfer1_info
                0x20000048       0x10 ./src/synergy_gen/hal_data.o
                0x20000048                g_transfer1_info
 .data.g_transfer3_info
                0x20000058       0x10 ./src/synergy_gen/hal_data.o
                0x20000058                g_transfer3_info
 .data.uartTx   0x20000068       0x79 ./src/ProcessCmd.o
                0x20000068                uartTx
 *fill*         0x200000e1        0x3 
 .data.adcP     0x200000e4       0x41 ./src/adc.o
                0x200000e4                adcP
 *fill*         0x20000125        0x3 
 .data.data_dac
                0x20000128        0x8 ./src/dac.o
                0x20000128                data_dac
 .data.dataMax  0x20000130        0x2 ./src/dac.o
                0x20000130                dataMax
 *fill*         0x20000132        0x2 
 .data.dacWait  0x20000134        0x4 ./src/dac.o
                0x20000134                dacWait
 .data.flashB1  0x20000138        0x4 ./src/flashHandle.o
                0x20000138                flashB1
 .data.flashB2  0x2000013c        0x4 ./src/flashHandle.o
                0x2000013c                flashB2
 .data.flashB3  0x20000140        0x4 ./src/flashHandle.o
                0x20000140                flashB3
 .data.flashB4  0x20000144        0x4 ./src/flashHandle.o
                0x20000144                flashB4
 .data.firmV    0x20000148        0x5 ./src/hal_entry.o
                0x20000148                firmV
 *fill*         0x2000014d        0x3 
 .data.setAttn  0x20000150       0x54 ./src/rfGain.o
                0x20000150                setAttn
 .data._tx_thread_system_state
                0x200001a4        0x4 C:\vc\emcore\LEML\48pin\release\2--3-2017\9267_4\synergy\ssp\src\framework\el\tx\cm0plus_gcc\libtx.a(tx_thread_initialize.o)
                0x200001a4                _tx_thread_system_state
 .data.__fdlib_version
                0x200001a8        0x1 c:/program files (x86)/gnu tools arm embedded/4.9 2015q3/bin/../lib/gcc/arm-none-eabi/4.9.3/../../../../arm-none-eabi/lib/armv6-m\libm.a(lib_a-s_lib_ver.o)
                0x200001a8                __fdlib_version
 *fill*         0x200001a9        0x7 
 .data.impure_data
                0x200001b0      0x428 c:/program files (x86)/gnu tools arm embedded/4.9 2015q3/bin/../lib/gcc/arm-none-eabi/4.9.3/../../../../arm-none-eabi/lib/armv6-m\libg.a(lib_a-impure.o)
 .data._impure_ptr
                0x200005d8        0x4 c:/program files (x86)/gnu tools arm embedded/4.9 2015q3/bin/../lib/gcc/arm-none-eabi/4.9.3/../../../../arm-none-eabi/lib/armv6-m\libg.a(lib_a-impure.o)
                0x200005d8                _impure_ptr
                0x200005dc                . = ALIGN (0x4)
                0x200005dc                PROVIDE (__preinit_array_start, .)
 *(.preinit_array)
                0x200005dc                PROVIDE (__preinit_array_end, .)
                0x200005dc                . = ALIGN (0x4)
                0x200005dc                PROVIDE (__init_array_start, .)
 *(SORT(.init_array.*))
 .init_array.00000
                0x200005dc        0x4 c:/program files (x86)/gnu tools arm embedded/4.9 2015q3/bin/../lib/gcc/arm-none-eabi/4.9.3/../../../../arm-none-eabi/lib/armv6-m\libg.a(lib_a-__call_atexit.o)
 *(.init_array)
 .init_array    0x200005e0        0x4 c:/program files (x86)/gnu tools arm embedded/4.9 2015q3/bin/../lib/gcc/arm-none-eabi/4.9.3/armv6-m/crtbegin.o
                0x200005e4                PROVIDE (__init_array_end, .)
                0x200005e4                . = ALIGN (0x4)
                0x200005e4                PROVIDE (__fini_array_start, .)
 *(SORT(.fini_array.*))
 *(.fini_array)
 .fini_array    0x200005e4        0x4 c:/program files (x86)/gnu tools arm embedded/4.9 2015q3/bin/../lib/gcc/arm-none-eabi/4.9.3/armv6-m/crtbegin.o
                0x200005e8                PROVIDE (__fini_array_end, .)
 *(.jcr*)
 .jcr           0x200005e8        0x0 c:/program files (x86)/gnu tools arm embedded/4.9 2015q3/bin/../lib/gcc/arm-none-eabi/4.9.3/armv6-m/crtbegin.o
 .jcr           0x200005e8        0x4 c:/program files (x86)/gnu tools arm embedded/4.9 2015q3/bin/../lib/gcc/arm-none-eabi/4.9.3/armv6-m/crtend.o
                0x200005ec                . = ALIGN (0x4)
                0x200005ec                __Code_In_RAM_Start = .
 *(.code_in_ram*)
                0x200005ec                __Code_In_RAM_End = .
                0x200005ec                __data_end__ = .

.igot.plt       0x200005ec        0x0 load address 0x0000da98
 .igot.plt      0x00000000        0x0 c:/program files (x86)/gnu tools arm embedded/4.9 2015q3/bin/../lib/gcc/arm-none-eabi/4.9.3/armv6-m/crtbegin.o

.noinit         0x200005ec       0x18 load address 0x0000da98
                0x200005ec                . = ALIGN (0x4)
                0x200005ec                __noinit_start = .
 *(.noinit*)
 .noinit        0x200005ec       0x18 ./synergy/ssp/src/driver/r_cgc/hw/hw_cgc.o
                0x20000604                __noinit_end = .

.bss            0x20000800     0x2114 load address 0x0000e000
                0x20000800                . = ALIGN (0x4)
                0x20000800                __bss_start__ = .
 *(.bss*)
 .bss           0x20000800       0x1c c:/program files (x86)/gnu tools arm embedded/4.9 2015q3/bin/../lib/gcc/arm-none-eabi/4.9.3/armv6-m/crtbegin.o
 .bss.g_sci_spi_handles
                0x2000081c       0xc8 ./synergy/ssp/src/driver/r_sci_spi/r_sci_spi.o
 .bss.g_sci_spi_tcb
                0x200008e4       0xf0 ./synergy/ssp/src/driver/r_sci_spi/r_sci_spi.o
 .bss.gp_ctrls  0x200009d4       0x1c ./synergy/ssp/src/driver/r_gpt/r_gpt.o
 .bss.g_channel_one_shot
                0x200009f0        0x4 ./synergy/ssp/src/driver/r_gpt/r_gpt.o
 .bss.gp_flash_settings
                0x200009f4        0x4 ./synergy/ssp/src/driver/r_flash_lp/hw/target/flash_lp_core/hw_codeflash.o
 .bss.gp_flash_settings
                0x200009f8        0x4 ./synergy/ssp/src/driver/r_flash_lp/hw/target/flash_lp_core/hw_dataflash.o
 .bss.gp_flash_parameters
                0x200009fc        0x4 ./synergy/ssp/src/driver/r_flash_lp/hw/target/hw_flash_lp.o
 .bss.flash_ready_isr_handler
                0x20000a00        0x4 ./synergy/ssp/src/driver/r_flash_lp/hw/target/hw_flash_lp.o
 .bss.g_block_info
                0x20000a04       0x20 ./synergy/ssp/src/driver/r_flash_lp/r_flash_lp.o
 .bss.g_flash_state
                0x20000a24        0x1 ./synergy/ssp/src/driver/r_flash_lp/r_flash_lp.o
 .bss.g_flash_api_open
                0x20000a25        0x1 ./synergy/ssp/src/driver/r_flash_lp/r_flash_lp.o
 *fill*         0x20000a26      0x1da 
 .bss.gp_dtc_vector_table
                0x20000c00       0x2c ./synergy/ssp/src/driver/r_dtc/r_dtc.o
 .bss.g_dtc_state_initialized
                0x20000c2c        0x1 ./synergy/ssp/src/driver/r_dtc/r_dtc.o
 *fill*         0x20000c2d        0x3 
 .bss.g_bsp_group_irq_sources
                0x20000c30       0x30 ./synergy/ssp/src/bsp/mcu/s124/bsp_group_irq.o
 .bss.g_bsp_locks
                0x20000c60       0x3c ./synergy/ssp/src/bsp/mcu/s124/bsp_locking.o
 .bss.g_protect_counters
                0x20000c9c        0x6 ./synergy/ssp/src/bsp/mcu/s124/bsp_register_protection.o
 .bss.g_protect_pfswe_counter
                0x20000ca2        0x2 ./synergy/ssp/src/bsp/cmsis/Device/RENESAS/S124/Source/system_S124.o
 .bss.g_timer0_ctrl